Component: ARM Compiler 5.06 update 3 (build 300) Tool: armlink [4d35c9]

==============================================================================

Section Cross References

    startup_stm32f103xe.o(RESET) refers to startup_stm32f103xe.o(STACK) for __initial_sp
    startup_stm32f103xe.o(RESET) refers to startup_stm32f103xe.o(.text) for Reset_Handler
    startup_stm32f103xe.o(RESET) refers to stm32f1xx_it.o(i.NMI_Handler) for NMI_Handler
    startup_stm32f103xe.o(RESET) refers to stm32f1xx_it.o(i.HardFault_Handler) for HardFault_Handler
    startup_stm32f103xe.o(RESET) refers to stm32f1xx_it.o(i.MemManage_Handler) for MemManage_Handler
    startup_stm32f103xe.o(RESET) refers to stm32f1xx_it.o(i.BusFault_Handler) for BusFault_Handler
    startup_stm32f103xe.o(RESET) refers to stm32f1xx_it.o(i.UsageFault_Handler) for UsageFault_Handler
    startup_stm32f103xe.o(RESET) refers to stm32f1xx_it.o(i.SVC_Handler) for SVC_Handler
    startup_stm32f103xe.o(RESET) refers to stm32f1xx_it.o(i.DebugMon_Handler) for DebugMon_Handler
    startup_stm32f103xe.o(RESET) refers to stm32f1xx_it.o(i.PendSV_Handler) for PendSV_Handler
    startup_stm32f103xe.o(RESET) refers to stm32f1xx_it.o(i.SysTick_Handler) for SysTick_Handler
    startup_stm32f103xe.o(RESET) refers to stm32f1xx_it.o(i.EXTI0_IRQHandler) for EXTI0_IRQHandler
    startup_stm32f103xe.o(RESET) refers to stm32f1xx_it.o(i.EXTI4_IRQHandler) for EXTI4_IRQHandler
    startup_stm32f103xe.o(RESET) refers to stm32f1xx_it.o(i.DMA1_Channel3_IRQHandler) for DMA1_Channel3_IRQHandler
    startup_stm32f103xe.o(RESET) refers to stm32f1xx_it.o(i.DMA1_Channel6_IRQHandler) for DMA1_Channel6_IRQHandler
    startup_stm32f103xe.o(RESET) refers to stm32f1xx_it.o(i.EXTI9_5_IRQHandler) for EXTI9_5_IRQHandler
    startup_stm32f103xe.o(RESET) refers to stm32f1xx_it.o(i.USART2_IRQHandler) for USART2_IRQHandler
    startup_stm32f103xe.o(RESET) refers to stm32f1xx_it.o(i.USART3_IRQHandler) for USART3_IRQHandler
    startup_stm32f103xe.o(.text) refers to system_stm32f1xx.o(i.SystemInit) for SystemInit
    startup_stm32f103xe.o(.text) refers to entry.o(.ARM.Collect$$$$00000000) for __main
    main.o(i.SystemClock_Config) refers to memseta.o(.text) for __aeabi_memclr4
    main.o(i.SystemClock_Config) refers to stm32f1xx_hal_rcc.o(i.HAL_RCC_OscConfig) for HAL_RCC_OscConfig
    main.o(i.SystemClock_Config) refers to stm32f1xx_hal_rcc.o(i.HAL_RCC_ClockConfig) for HAL_RCC_ClockConfig
    main.o(i.fputc) refers to stm32f1xx_hal_uart.o(i.HAL_UART_Transmit) for HAL_UART_Transmit
    main.o(i.fputc) refers to usart.o(.bss) for huart2
    main.o(i.main) refers to stm32f1xx_hal.o(i.HAL_Init) for HAL_Init
    main.o(i.main) refers to main.o(i.SystemClock_Config) for SystemClock_Config
    main.o(i.main) refers to gpio.o(i.MX_GPIO_Init) for MX_GPIO_Init
    main.o(i.main) refers to dma.o(i.MX_DMA_Init) for MX_DMA_Init
    main.o(i.main) refers to i2c.o(i.MX_I2C2_Init) for MX_I2C2_Init
    main.o(i.main) refers to tim.o(i.MX_TIM3_Init) for MX_TIM3_Init
    main.o(i.main) refers to tim.o(i.MX_TIM4_Init) for MX_TIM4_Init
    main.o(i.main) refers to usart.o(i.MX_USART2_UART_Init) for MX_USART2_UART_Init
    main.o(i.main) refers to tim.o(i.MX_TIM8_Init) for MX_TIM8_Init
    main.o(i.main) refers to usart.o(i.MX_USART1_UART_Init) for MX_USART1_UART_Init
    main.o(i.main) refers to usart.o(i.MX_USART3_UART_Init) for MX_USART3_UART_Init
    main.o(i.main) refers to delay.o(i.delay_init) for delay_init
    main.o(i.main) refers to oled.o(i.OLED_Init) for OLED_Init
    main.o(i.main) refers to oled.o(i.OLED_CLS) for OLED_CLS
    main.o(i.main) refers to stm32f1xx_hal_uart.o(i.HAL_UART_Receive_DMA) for HAL_UART_Receive_DMA
    main.o(i.main) refers to ioi2c.o(i.IIC_Init) for IIC_Init
    main.o(i.main) refers to wit_c_sdk.o(i.WitInit) for WitInit
    main.o(i.main) refers to wit_c_sdk.o(i.WitI2cFuncRegister) for WitI2cFuncRegister
    main.o(i.main) refers to wit_c_sdk.o(i.WitRegisterCallBack) for WitRegisterCallBack
    main.o(i.main) refers to wit_c_sdk.o(i.WitDelayMsRegister) for WitDelayMsRegister
    main.o(i.main) refers to stm32f1xx_hal_tim.o(i.HAL_TIM_Encoder_Start) for HAL_TIM_Encoder_Start
    main.o(i.main) refers to stm32f1xx_hal_tim.o(i.HAL_TIM_PWM_Start) for HAL_TIM_PWM_Start
    main.o(i.main) refers to delay.o(i.delay_ms) for delay_ms
    main.o(i.main) refers to control.o(i.Read_Angel) for Read_Angel
    main.o(i.main) refers to usart.o(.bss) for huart2
    main.o(i.main) refers to stm32f1xx_it.o(.bss) for rx_buffer
    main.o(i.main) refers to ioi2c.o(i.IICreadBytes) for IICreadBytes
    main.o(i.main) refers to ioi2c.o(i.IICwriteBytes) for IICwriteBytes
    main.o(i.main) refers to sys.o(i.CopeSensorData) for CopeSensorData
    main.o(i.main) refers to sys.o(i.Delayms) for Delayms
    main.o(i.main) refers to tim.o(.bss) for htim3
    main.o(i.main) refers to control.o(.bss) for fAngle
    main.o(i.main) refers to control.o(.data) for Yaw_err
[...]
    ..\Drivers\STM32F1xx_HAL_Driver\Src\stm32f1xx_hal_flash_ex.c 0x00000000   Number         0  stm32f1xx_hal_flash_ex.o ABSOLUTE
    ..\Drivers\STM32F1xx_HAL_Driver\Src\stm32f1xx_hal_gpio.c 0x00000000   Number         0  stm32f1xx_hal_gpio.o ABSOLUTE
    ..\Drivers\STM32F1xx_HAL_Driver\Src\stm32f1xx_hal_gpio_ex.c 0x00000000   Number         0  stm32f1xx_hal_gpio_ex.o ABSOLUTE
    ..\Drivers\STM32F1xx_HAL_Driver\Src\stm32f1xx_hal_i2c.c 0x00000000   Number         0  stm32f1xx_hal_i2c.o ABSOLUTE
    ..\Drivers\STM32F1xx_HAL_Driver\Src\stm32f1xx_hal_pwr.c 0x00000000   Number         0  stm32f1xx_hal_pwr.o ABSOLUTE
    ..\Drivers\STM32F1xx_HAL_Driver\Src\stm32f1xx_hal_rcc.c 0x00000000   Number         0  stm32f1xx_hal_rcc.o ABSOLUTE
    ..\Drivers\STM32F1xx_HAL_Driver\Src\stm32f1xx_hal_rcc_ex.c 0x00000000   Number         0  stm32f1xx_hal_rcc_ex.o ABSOLUTE
    ..\Drivers\STM32F1xx_HAL_Driver\Src\stm32f1xx_hal_tim.c 0x00000000   Number         0  stm32f1xx_hal_tim.o ABSOLUTE
    ..\Drivers\STM32F1xx_HAL_Driver\Src\stm32f1xx_hal_tim_ex.c 0x00000000   Number         0  stm32f1xx_hal_tim_ex.o ABSOLUTE
    ..\Drivers\STM32F1xx_HAL_Driver\Src\stm32f1xx_hal_uart.c 0x00000000   Number         0  stm32f1xx_hal_uart.o ABSOLUTE
    ..\HARDWARE\CONTROL\control.c            0x00000000   Number         0  control.o ABSOLUTE
    ..\HARDWARE\ENCODER\encoder.c            0x00000000   Number         0  encoder.o ABSOLUTE
    ..\HARDWARE\OLED\oled.c                  0x00000000   Number         0  oled.o ABSOLUTE
    ..\HARDWARE\wit_c_sdk\IOI2C.c            0x00000000   Number         0  ioi2c.o ABSOLUTE
    ..\HARDWARE\wit_c_sdk\wit_c_sdk.c        0x00000000   Number         0  wit_c_sdk.o ABSOLUTE
    ..\SYSTEM\delay.c                        0x00000000   Number         0  delay.o ABSOLUTE
    ..\SYSTEM\sys.c                          0x00000000   Number         0  sys.o ABSOLUTE
    ..\\HARDWARE\\CONTROL\\control.c         0x00000000   Number         0  control.o ABSOLUTE
    ..\\HARDWARE\\ENCODER\\encoder.c         0x00000000   Number         0  encoder.o ABSOLUTE
    ..\\HARDWARE\\OLED\\oled.c               0x00000000   Number         0  oled.o ABSOLUTE
    ..\\HARDWARE\\wit_c_sdk\\IOI2C.c         0x00000000   Number         0  ioi2c.o ABSOLUTE
    ..\\SYSTEM\\delay.c                      0x00000000   Number         0  delay.o ABSOLUTE
    ..\\SYSTEM\\sys.c                        0x00000000   Number         0  sys.o ABSOLUTE
    cdrcmple.s                               0x00000000   Number         0  cdrcmple.o ABSOLUTE
    dc.s                                     0x00000000   Number         0  dc.o ABSOLUTE
    handlers.s                               0x00000000   Number         0  handlers.o ABSOLUTE
    init.s                                   0x00000000   Number         0  init.o ABSOLUTE
    startup_stm32f103xe.s                    0x00000000   Number         0  startup_stm32f103xe.o ABSOLUTE
    RESET                                    0x08000000   Section      304  startup_stm32f103xe.o(RESET)
    .ARM.Collect$$$$00000000                 0x08000130   Section        0  entry.o(.ARM.Collect$$$$00000000)
    .ARM.Collect$$$$00000001                 0x08000130   Section        4  entry2.o(.ARM.Collect$$$$00000001)
    .ARM.Collect$$$$00000004                 0x08000134   Section        4  entry5.o(.ARM.Collect$$$$00000004)
    .ARM.Collect$$$$00000008                 0x08000138   Section        0  entry7b.o(.ARM.Collect$$$$00000008)
    .ARM.Collect$$$$0000000A                 0x08000138   Section        0  entry8b.o(.ARM.Collect$$$$0000000A)
    .ARM.Collect$$$$0000000B                 0x08000138   Section        8  entry9a.o(.ARM.Collect$$$$0000000B)
    .ARM.Collect$$$$0000000D                 0x08000140   Section        0  entry10a.o(.ARM.Collect$$$$0000000D)
    .ARM.Collect$$$$0000000F                 0x08000140   Section        0  entry11a.o(.ARM.Collect$$$$0000000F)
    .ARM.Collect$$$$00002712                 0x08000140   Section        4  entry2.o(.ARM.Collect$$$$00002712)
    __lit__00000000                          0x08000140   Data           4  entry2.o(.ARM.Collect$$$$00002712)
    .text                                    0x08000144   Section       36  startup_stm32f103xe.o(.text)
    .text                                    0x08000168   Section        0  llushr.o(.text)
    .text                                    0x08000188   Section        0  memseta.o(.text)
    .text                                    0x080001ac   Section        0  fadd.o(.text)
    .text                                    0x0800025c   Section        0  fmul.o(.text)
    .text                                    0x080002c0   Section        0  fscalb.o(.text)
    .text                                    0x080002d8   Section        0  fflti.o(.text)
    .text                                    0x080002ea   Section        0  ffixui.o(.text)
    .text                                    0x08000312   Section        0  f2d.o(.text)
    .text                                    0x08000338   Section        0  uidiv.o(.text)
    .text                                    0x08000364   Section        0  uldiv.o(.text)
    .text                                    0x080003c6   Section        0  fepilogue.o(.text)
    .text                                    0x080003c6   Section        0  iusefp.o(.text)
    .text                                    0x08000434   Section        0  dadd.o(.text)
    .text                                    0x08000582   Section        0  dmul.o(.text)
    .text                                    0x08000666   Section        0  ddiv.o(.text)
    .text                                    0x08000744   Section        0  dfixul.o(.text)
    .text                                    0x08000774   Section       48  cdrcmple.o(.text)
    .text                                    0x080007a4   Section       36  init.o(.text)
    .text                                    0x080007c8   Section        0  llshl.o(.text)
    .text                                    0x080007e6   Section        0  llsshr.o(.text)
    .text                                    0x0800080a   Section        0  depilogue.o(.text)
    i.BusFault_Handler                       0x080008c4   Section        0  stm32f1xx_it.o(i.BusFault_Handler)
    i.CopeSensorData                         0x080008c8   Section        0  sys.o(i.CopeSensorData)
    i.DMA1_Channel3_IRQHandler               0x08000914   Section        0  stm32f1xx_it.o(i.DMA1_Channel3_IRQHandler)
    i.DMA1_Channel6_IRQHandler               0x08000920   Section        0  stm32f1xx_it.o(i.DMA1_Channel6_IRQHandler)
    i.DMA_SetConfig                          0x0800092c   Section        0  stm32f1xx_hal_dma.o(i.DMA_SetConfig)
    DMA_SetConfig                            0x0800092d   Thumb Code    42  stm32f1xx_hal_dma.o(i.DMA_SetConfig)
    i.DebugMon_Handler                       0x08000956   Section        0  stm32f1xx_it.o(i.DebugMon_Handler)
    i.Delay                                  0x08000958   Section        0  ioi2c.o(i.Delay)
    i.Delayms                                0x08000960   Section        0  sys.o(i.Delayms)
    i.EXTI0_IRQHandler                       0x08000964   Section        0  stm32f1xx_it.o(i.EXTI0_IRQHandler)
    i.EXTI4_IRQHandler                       0x08000a00   Section        0  stm32f1xx_it.o(i.EXTI4_IRQHandler)
    i.EXTI9_5_IRQHandler                     0x08000a30   Section        0  stm32f1xx_it.o(i.EXTI9_5_IRQHandler)
    i.Error_Handler                          0x08000a70   Section        0  main.o(i.Error_Handler)
    i.HAL_DMA_Abort                          0x08000a74   Section        0  stm32f1xx_hal_dma.o(i.HAL_DMA_Abort)
    i.HAL_DMA_Abort_IT                       0x08000abc   Section        0  stm32f1xx_hal_dma.o(i.HAL_DMA_Abort_IT)
    i.HAL_DMA_IRQHandler                     0x08000bec   Section        0  stm32f1xx_hal_dma.o(i.HAL_DMA_IRQHandler)
    i.HAL_DMA_Init                           0x08000e34   Section        0  stm32f1xx_hal_dma.o(i.HAL_DMA_Init)
    i.HAL_DMA_Start_IT                       0x08000eb0   Section        0  stm32f1xx_hal_dma.o(i.HAL_DMA_Start_IT)
    i.HAL_Delay                              0x08000f20   Section        0  stm32f1xx_hal.o(i.HAL_Delay)
    i.HAL_GPIO_EXTI_Callback                 0x08000f44   Section        0  stm32f1xx_hal_gpio.o(i.HAL_GPIO_EXTI_Callback)
    i.HAL_GPIO_EXTI_IRQHandler               0x08000f48   Section        0  stm32f1xx_hal_gpio.o(i.HAL_GPIO_EXTI_IRQHandler)
    i.HAL_GPIO_Init                          0x08000f60   Section        0  stm32f1xx_hal_gpio.o(i.HAL_GPIO_Init)
    i.HAL_GPIO_ReadPin                       0x08001158   Section        0  stm32f1xx_hal_gpio.o(i.HAL_GPIO_ReadPin)
    i.HAL_GPIO_WritePin                      0x08001162   Section        0  stm32f1xx_hal_gpio.o(i.HAL_GPIO_WritePin)
    i.HAL_GetTick                            0x0800116c   Section        0  stm32f1xx_hal.o(i.HAL_GetTick)
    i.HAL_I2C_Init                           0x08001178   Section        0  stm32f1xx_hal_i2c.o(i.HAL_I2C_Init)
    i.HAL_I2C_Mem_Write                      0x08001300   Section        0  stm32f1xx_hal_i2c.o(i.HAL_I2C_Mem_Write)
    i.HAL_I2C_MspInit                        0x08001430   Section        0  i2c.o(i.HAL_I2C_MspInit)
    i.HAL_IncTick                            0x08001490   Section        0  stm32f1xx_hal.o(i.HAL_IncTick)
    i.HAL_Init                               0x080014a0   Section        0  stm32f1xx_hal.o(i.HAL_Init)
    i.HAL_InitTick                           0x080014c4   Section        0  stm32f1xx_hal.o(i.HAL_InitTick)
    i.HAL_MspInit                            0x08001504   Section        0  stm32f1xx_hal_msp.o(i.HAL_MspInit)
    i.HAL_NVIC_EnableIRQ                     0x08001548   Section        0  stm32f1xx_hal_cortex.o(i.HAL_NVIC_EnableIRQ)
    i.HAL_NVIC_SetPriority                   0x08001564   Section        0  stm32f1xx_hal_cortex.o(i.HAL_NVIC_SetPriority)
    i.HAL_NVIC_SetPriorityGrouping           0x080015a4   Section        0  stm32f1xx_hal_cortex.o(i.HAL_NVIC_SetPriorityGrouping)
    i.HAL_RCC_ClockConfig                    0x080015c8   Section        0  stm32f1xx_hal_rcc.o(i.HAL_RCC_ClockConfig)
    i.HAL_RCC_GetPCLK1Freq                   0x080016f4   Section        0  stm32f1xx_hal_rcc.o(i.HAL_RCC_GetPCLK1Freq)
    i.HAL_RCC_GetPCLK2Freq                   0x08001714   Section        0  stm32f1xx_hal_rcc.o(i.HAL_RCC_GetPCLK2Freq)
    i.HAL_RCC_GetSysClockFreq                0x08001734   Section        0  stm32f1xx_hal_rcc.o(i.HAL_RCC_GetSysClockFreq)
    i.HAL_RCC_OscConfig                      0x080017a0   Section        0  stm32f1xx_hal_rcc.o(i.HAL_RCC_OscConfig)
    i.HAL_SYSTICK_CLKSourceConfig            0x08001ac0   Section        0  stm32f1xx_hal_cortex.o(i.HAL_SYSTICK_CLKSourceConfig)
    i.HAL_SYSTICK_Config                     0x08001ad8   Section        0  stm32f1xx_hal_cortex.o(i.HAL_SYSTICK_Config)
    i.HAL_TIMEx_ConfigBreakDeadTime          0x08001b00   Section        0  stm32f1xx_hal_tim_ex.o(i.HAL_TIMEx_ConfigBreakDeadTime)
    i.HAL_TIMEx_MasterConfigSynchronization  0x08001b54   Section        0  stm32f1xx_hal_tim_ex.o(i.HAL_TIMEx_MasterConfigSynchronization)
    i.HAL_TIM_Base_Init                      0x08001bd0   Section        0  stm32f1xx_hal_tim.o(i.HAL_TIM_Base_Init)
    i.HAL_TIM_Base_MspInit                   0x08001c2c   Section        0  tim.o(i.HAL_TIM_Base_MspInit)
    i.HAL_TIM_ConfigClockSource              0x08001c54   Section        0  stm32f1xx_hal_tim.o(i.HAL_TIM_ConfigClockSource)
    i.HAL_TIM_Encoder_Init                   0x08001d2a   Section        0  stm32f1xx_hal_tim.o(i.HAL_TIM_Encoder_Init)
    i.HAL_TIM_Encoder_MspInit                0x08001dd0   Section        0  tim.o(i.HAL_TIM_Encoder_MspInit)
    i.HAL_TIM_Encoder_Start                  0x08001e74   Section        0  stm32f1xx_hal_tim.o(i.HAL_TIM_Encoder_Start)
    i.HAL_TIM_MspPostInit                    0x08001f04   Section        0  tim.o(i.HAL_TIM_MspPostInit)
    i.HAL_TIM_PWM_ConfigChannel              0x08001f50   Section        0  stm32f1xx_hal_tim.o(i.HAL_TIM_PWM_ConfigChannel)
    i.HAL_TIM_PWM_Init                       0x08002016   Section        0  stm32f1xx_hal_tim.o(i.HAL_TIM_PWM_Init)
    i.HAL_TIM_PWM_MspInit                    0x08002070   Section        0  stm32f1xx_hal_tim.o(i.HAL_TIM_PWM_MspInit)
    i.HAL_TIM_PWM_Start                      0x08002074   Section        0  stm32f1xx_hal_tim.o(i.HAL_TIM_PWM_Start)
    i.HAL_UARTEx_RxEventCallback             0x08002128   Section        0  stm32f1xx_hal_uart.o(i.HAL_UARTEx_RxEventCallback)
    i.HAL_UART_DMAStop                       0x0800212a   Section        0  stm32f1xx_hal_uart.o(i.HAL_UART_DMAStop)
    i.HAL_UART_ErrorCallback                 0x08002182   Section        0  stm32f1xx_hal_uart.o(i.HAL_UART_ErrorCallback)
    i.HAL_UART_IRQHandler                    0x08002184   Section        0  stm32f1xx_hal_uart.o(i.HAL_UART_IRQHandler)
    i.HAL_UART_Init                          0x08002390   Section        0  stm32f1xx_hal_uart.o(i.HAL_UART_Init)
    i.HAL_UART_MspInit                       0x080023f4   Section        0  usart.o(i.HAL_UART_MspInit)
    i.HAL_UART_Receive_DMA                   0x08002598   Section        0  stm32f1xx_hal_uart.o(i.HAL_UART_Receive_DMA)
    i.HAL_UART_RxCpltCallback                0x080025c2   Section        0  stm32f1xx_hal_uart.o(i.HAL_UART_RxCpltCallback)
    i.HAL_UART_RxHalfCpltCallback            0x080025c4   Section        0  stm32f1xx_hal_uart.o(i.HAL_UART_RxHalfCpltCallback)
    i.HAL_UART_Transmit                      0x080025c8   Section        0  stm32f1xx_hal_uart.o(i.HAL_UART_Transmit)
    i.HAL_UART_TxCpltCallback                0x0800267a   Section        0  stm32f1xx_hal_uart.o(i.HAL_UART_TxCpltCallback)
    i.HardFault_Handler                      0x0800267c   Section        0  stm32f1xx_it.o(i.HardFault_Handler)
    i.I2C_IsAcknowledgeFailed                0x0800267e   Section        0  stm32f1xx_hal_i2c.o(i.I2C_IsAcknowledgeFailed)
    I2C_IsAcknowledgeFailed                  0x0800267f   Thumb Code    46  stm32f1xx_hal_i2c.o(i.I2C_IsAcknowledgeFailed)
    i.I2C_RequestMemoryWrite                 0x080026ac   Section        0  stm32f1xx_hal_i2c.o(i.I2C_RequestMemoryWrite)
    I2C_RequestMemoryWrite                   0x080026ad   Thumb Code   162  stm32f1xx_hal_i2c.o(i.I2C_RequestMemoryWrite)
    i.I2C_WaitOnBTFFlagUntilTimeout          0x08002754   Section        0  stm32f1xx_hal_i2c.o(i.I2C_WaitOnBTFFlagUntilTimeout)
    I2C_WaitOnBTFFlagUntilTimeout            0x08002755   Thumb Code    76  stm32f1xx_hal_i2c.o(i.I2C_WaitOnBTFFlagUntilTimeout)
    i.I2C_WaitOnFlagUntilTimeout             0x080027a0   Section        0  stm32f1xx_hal_i2c.o(i.I2C_WaitOnFlagUntilTimeout)
    I2C_WaitOnFlagUntilTimeout               0x080027a1   Thumb Code   104  stm32f1xx_hal_i2c.o(i.I2C_WaitOnFlagUntilTimeout)
    i.I2C_WaitOnMasterAddressFlagUntilTimeout 0x08002808   Section        0  stm32f1xx_hal_i2c.o(i.I2C_WaitOnMasterAddressFlagUntilTimeout)
    I2C_WaitOnMasterAddressFlagUntilTimeout  0x08002809   Thumb Code   150  stm32f1xx_hal_i2c.o(i.I2C_WaitOnMasterAddressFlagUntilTimeout)
    i.I2C_WaitOnTXEFlagUntilTimeout          0x0800289e   Section        0  stm32f1xx_hal_i2c.o(i.I2C_WaitOnTXEFlagUntilTimeout)
    I2C_WaitOnTXEFlagUntilTimeout            0x0800289f   Thumb Code    76  stm32f1xx_hal_i2c.o(i.I2C_WaitOnTXEFlagUntilTimeout)
    i.IIC_Ack                                0x080028ec   Section        0  ioi2c.o(i.IIC_Ack)
    i.IIC_Init                               0x0800292c   Section        0  ioi2c.o(i.IIC_Init)
    i.IIC_NAck                               0x080029ac   Section        0  ioi2c.o(i.IIC_NAck)
    i.IIC_Read_Byte                          0x080029ec   Section        0  ioi2c.o(i.IIC_Read_Byte)
    i.IIC_Send_Byte                          0x08002a50   Section        0  ioi2c.o(i.IIC_Send_Byte)
    i.IIC_Start                              0x08002aa8   Section        0  ioi2c.o(i.IIC_Start)
    i.IIC_Stop                               0x08002ae8   Section        0  ioi2c.o(i.IIC_Stop)
    i.IIC_Wait_Ack                           0x08002b2c   Section        0  ioi2c.o(i.IIC_Wait_Ack)
    i.IICreadBytes                           0x08002b84   Section        0  ioi2c.o(i.IICreadBytes)
    i.IICwriteBytes                          0x08002bee   Section        0  ioi2c.o(i.IICwriteBytes)
    i.MX_DMA_Init                            0x08002c40   Section        0  dma.o(i.MX_DMA_Init)
    i.MX_GPIO_Init                           0x08002c7c   Section        0  gpio.o(i.MX_GPIO_Init)
    i.MX_I2C2_Init                           0x08002da8   Section        0  i2c.o(i.MX_I2C2_Init)
    i.MX_TIM3_Init                           0x08002de8   Section        0  tim.o(i.MX_TIM3_Init)
    i.MX_TIM4_Init                           0x08002e54   Section        0  tim.o(i.MX_TIM4_Init)
    i.MX_TIM8_Init                           0x08002ec0   Section        0  tim.o(i.MX_TIM8_Init)
    i.MX_USART1_UART_Init                    0x08002f9c   Section        0  usart.o(i.MX_USART1_UART_Init)
    i.MX_USART2_UART_Init                    0x08002fd4   Section        0  usart.o(i.MX_USART2_UART_Init)
    i.MX_USART3_UART_Init                    0x0800300c   Section        0  usart.o(i.MX_USART3_UART_Init)
    i.MemManage_Handler                      0x08003044   Section        0  stm32f1xx_it.o(i.MemManage_Handler)
    i.NMI_Handler                            0x08003046   Section        0  stm32f1xx_it.o(i.NMI_Handler)
    i.OLED_CLS                               0x08003048   Section        0  oled.o(i.OLED_CLS)
    i.OLED_Fill                              0x08003050   Section        0  oled.o(i.OLED_Fill)
    i.OLED_Init                              0x08003088   Section        0  oled.o(i.OLED_Init)
    i.OLED_ON                                0x0800313c   Section        0  oled.o(i.OLED_ON)
    i.OLED_SetPos                            0x08003154   Section        0  oled.o(i.OLED_SetPos)
    i.OLED_ShowStr                           0x0800317c   Section        0  oled.o(i.OLED_ShowStr)
    i.PD_control                             0x08003254   Section        0  control.o(i.PD_control)
    i.PendSV_Handler                         0x08003288   Section        0  stm32f1xx_it.o(i.PendSV_Handler)
    i.Read_Angel                             0x0800328c   Section        0  control.o(i.Read_Angel)
    i.SVC_Handler                            0x08003370   Section        0  stm32f1xx_it.o(i.SVC_Handler)
    i.SysTick_Handler                        0x08003372   Section        0  stm32f1xx_it.o(i.SysTick_Handler)
    i.SystemClock_Config                     0x08003376   Section        0  main.o(i.SystemClock_Config)
    i.SystemInit                             0x080033d4   Section        0  system_stm32f1xx.o(i.SystemInit)
    i.TIM_Base_SetConfig                     0x080033d8   Section        0  stm32f1xx_hal_tim.o(i.TIM_Base_SetConfig)
    i.TIM_CCxChannelCmd                      0x08003464   Section        0  stm32f1xx_hal_tim.o(i.TIM_CCxChannelCmd)
    i.TIM_ETR_SetConfig                      0x0800347e   Section        0  stm32f1xx_hal_tim.o(i.TIM_ETR_SetConfig)
    i.TIM_ITRx_SetConfig                     0x08003492   Section        0  stm32f1xx_hal_tim.o(i.TIM_ITRx_SetConfig)
    TIM_ITRx_SetConfig                       0x08003493   Thumb Code    16  stm32f1xx_hal_tim.o(i.TIM_ITRx_SetConfig)
    i.TIM_OC1_SetConfig                      0x080034a4   Section        0  stm32f1xx_hal_tim.o(i.TIM_OC1_SetConfig)
    TIM_OC1_SetConfig                        0x080034a5   Thumb Code    88  stm32f1xx_hal_tim.o(i.TIM_OC1_SetConfig)
    i.TIM_OC2_SetConfig                      0x08003504   Section        0  stm32f1xx_hal_tim.o(i.TIM_OC2_SetConfig)
    i.TIM_OC3_SetConfig                      0x08003570   Section        0  stm32f1xx_hal_tim.o(i.TIM_OC3_SetConfig)
    TIM_OC3_SetConfig                        0x08003571   Thumb Code    96  stm32f1xx_hal_tim.o(i.TIM_OC3_SetConfig)
    i.TIM_OC4_SetConfig                      0x080035d8   Section        0  stm32f1xx_hal_tim.o(i.TIM_OC4_SetConfig)
    TIM_OC4_SetConfig                        0x080035d9   Thumb Code    70  stm32f1xx_hal_tim.o(i.TIM_OC4_SetConfig)
    i.TIM_TI1_ConfigInputStage               0x08003628   Section        0  stm32f1xx_hal_tim.o(i.TIM_TI1_ConfigInputStage)
    TIM_TI1_ConfigInputStage                 0x08003629   Thumb Code    34  stm32f1xx_hal_tim.o(i.TIM_TI1_ConfigInputStage)
    i.TIM_TI2_ConfigInputStage               0x0800364a   Section        0  stm32f1xx_hal_tim.o(i.TIM_TI2_ConfigInputStage)
    TIM_TI2_ConfigInputStage                 0x0800364b   Thumb Code    36  stm32f1xx_hal_tim.o(i.TIM_TI2_ConfigInputStage)
    i.Turn                                   0x08003670   Section        0  control.o(i.Turn)
    i.UART_DMAAbortOnError                   0x08003764   Section        0  stm32f1xx_hal_uart.o(i.UART_DMAAbortOnError)
    UART_DMAAbortOnError                     0x08003765   Thumb Code    16  stm32f1xx_hal_uart.o(i.UART_DMAAbortOnError)
    i.UART_DMAError                          0x08003774   Section        0  stm32f1xx_hal_uart.o(i.UART_DMAError)
    UART_DMAError                            0x08003775   Thumb Code    74  stm32f1xx_hal_uart.o(i.UART_DMAError)
    i.UART_DMAReceiveCplt                    0x080037be   Section        0  stm32f1xx_hal_uart.o(i.UART_DMAReceiveCplt)
    UART_DMAReceiveCplt                      0x080037bf   Thumb Code    90  stm32f1xx_hal_uart.o(i.UART_DMAReceiveCplt)
    i.UART_DMARxHalfCplt                     0x08003818   Section        0  stm32f1xx_hal_uart.o(i.UART_DMARxHalfCplt)
    UART_DMARxHalfCplt                       0x08003819   Thumb Code    26  stm32f1xx_hal_uart.o(i.UART_DMARxHalfCplt)
    i.UART_EndRxTransfer                     0x08003832   Section        0  stm32f1xx_hal_uart.o(i.UART_EndRxTransfer)
    UART_EndRxTransfer                       0x08003833   Thumb Code    48  stm32f1xx_hal_uart.o(i.UART_EndRxTransfer)
    i.UART_EndTxTransfer                     0x08003862   Section        0  stm32f1xx_hal_uart.o(i.UART_EndTxTransfer)
    UART_EndTxTransfer                       0x08003863   Thumb Code    18  stm32f1xx_hal_uart.o(i.UART_EndTxTransfer)
    i.UART_Receive_IT                        0x08003874   Section        0  stm32f1xx_hal_uart.o(i.UART_Receive_IT)
    UART_Receive_IT                          0x08003875   Thumb Code   182  stm32f1xx_hal_uart.o(i.UART_Receive_IT)
    i.UART_SetConfig                         0x0800392c   Section        0  stm32f1xx_hal_uart.o(i.UART_SetConfig)
    UART_SetConfig                           0x0800392d   Thumb Code   178  stm32f1xx_hal_uart.o(i.UART_SetConfig)
    i.UART_Start_Receive_DMA                 0x080039e4   Section        0  stm32f1xx_hal_uart.o(i.UART_Start_Receive_DMA)
    i.UART_WaitOnFlagUntilTimeout            0x08003a54   Section        0  stm32f1xx_hal_uart.o(i.UART_WaitOnFlagUntilTimeout)
    UART_WaitOnFlagUntilTimeout              0x08003a55   Thumb Code   100  stm32f1xx_hal_uart.o(i.UART_WaitOnFlagUntilTimeout)
    i.USART2_IRQHandler                      0x08003ab8   Section        0  stm32f1xx_it.o(i.USART2_IRQHandler)
    i.USART3_IRQHandler                      0x08003b6c   Section        0  stm32f1xx_it.o(i.USART3_IRQHandler)
    i.UsageFault_Handler                     0x08003b78   Section        0  stm32f1xx_it.o(i.UsageFault_Handler)
    i.WitDelayMsRegister                     0x08003b7c   Section        0  wit_c_sdk.o(i.WitDelayMsRegister)
    i.WitI2cFuncRegister                     0x08003b90   Section        0  wit_c_sdk.o(i.WitI2cFuncRegister)
    i.WitInit                                0x08003bac   Section        0  wit_c_sdk.o(i.WitInit)
    i.WitReadReg                             0x08003bc8   Section        0  wit_c_sdk.o(i.WitReadReg)
    i.WitRegisterCallBack                    0x08003d08   Section        0  wit_c_sdk.o(i.WitRegisterCallBack)
    i.WitStartMagCali                        0x08003d1c   Section        0  wit_c_sdk.o(i.WitStartMagCali)
    i.WitStopMagCali                         0x08003d58   Section        0  wit_c_sdk.o(i.WitStopMagCali)
    i.WitWriteReg                            0x08003d94   Section        0  wit_c_sdk.o(i.WitWriteReg)
    i.WriteCmd                               0x08003e7c   Section        0  oled.o(i.WriteCmd)
    i.WriteDat                               0x08003ea0   Section        0  oled.o(i.WriteDat)
    i.__0printf                              0x08003ec4   Section        0  printfa.o(i.__0printf)
    i.__CRC16                                0x08003ee4   Section        0  wit_c_sdk.o(i.__CRC16)
    __CRC16                                  0x08003ee5   Thumb Code    38  wit_c_sdk.o(i.__CRC16)
    i.__NVIC_SetPriority                     0x08003f10   Section        0  stm32f1xx_hal_cortex.o(i.__NVIC_SetPriority)
    __NVIC_SetPriority                       0x08003f11   Thumb Code    32  stm32f1xx_hal_cortex.o(i.__NVIC_SetPriority)
    i.__scatterload_copy                     0x08003f30   Section       14  handlers.o(i.__scatterload_copy)
    i.__scatterload_null                     0x08003f3e   Section        2  handlers.o(i.__scatterload_null)
    i.__scatterload_zeroinit                 0x08003f40   Section       14  handlers.o(i.__scatterload_zeroinit)
    i._fp_digits                             0x08003f50   Section        0  printfa.o(i._fp_digits)
    _fp_digits                               0x08003f51   Thumb Code   366  printfa.o(i._fp_digits)
    i._printf_core                           0x080040d4   Section        0  printfa.o(i._printf_core)
    _printf_core                             0x080040d5   Thumb Code  1744  printfa.o(i._printf_core)
    i._printf_post_padding                   0x080047b0   Section        0  printfa.o(i._printf_post_padding)
    _printf_post_padding                     0x080047b1   Thumb Code    36  printfa.o(i._printf_post_padding)
    i._printf_pre_padding                    0x080047d4   Section        0  printfa.o(i._printf_pre_padding)
    _printf_pre_padding                      0x080047d5   Thumb Code    46  printfa.o(i._printf_pre_padding)
    i.delay_init                             0x08004804   Section        0  delay.o(i.delay_init)
    i.delay_ms                               0x08004818   Section        0  delay.o(i.delay_ms)
    i.delay_us                               0x08004834   Section        0  delay.o(i.delay_us)
    i.fputc                                  0x08004868   Section        0  main.o(i.fputc)
    i.go_distance                            0x08004880   Section        0  control.o(i.go_distance)
    i.go_forward                             0x080048d4   Section        0  control.o(i.go_forward)
    i.limit                                  0x08004948   Section        0  control.o(i.limit)
    i.main                                   0x08004960   Section        0  main.o(i.main)
    i.question2                              0x08004a38   Section        0  control.o(i.question2)
    i.read_distance                          0x08004c60   Section        0  encoder.o(i.read_distance)
    i.stop                                   0x08004c88   Section        0  control.o(i.stop)
    i.turn_round                             0x08004c9c   Section        0  control.o(i.turn_round)
    .constdata                               0x08004d58   Section       16  system_stm32f1xx.o(.constdata)
    .constdata                               0x08004d68   Section        8  system_stm32f1xx.o(.constdata)
    .constdata                               0x08004d70   Section     2072  oled.o(.constdata)
    .constdata                               0x08005588   Section      512  wit_c_sdk.o(.constdata)
    __auchCRCHi                              0x08005588   Data         256  wit_c_sdk.o(.constdata)
    __auchCRCLo                              0x08005688   Data         256  wit_c_sdk.o(.constdata)
    .data                                    0x20000000   Section        4  main.o(.data)
    .data                                    0x20000004   Section        4  main.o(.data)
    .data                                    0x20000008   Section        4  main.o(.data)
    .data                                    0x2000000c   Section        4  main.o(.data)
    .data                                    0x20000010   Section        2  stm32f1xx_it.o(.data)
    .data                                    0x20000014   Section       12  stm32f1xx_hal.o(.data)
    .data                                    0x20000020   Section        4  system_stm32f1xx.o(.data)
    .data                                    0x20000024   Section       36  control.o(.data)
    s_cDataUpdate                            0x20000024   Data           1  control.o(.data)
    .data                                    0x20000048   Section       16  control.o(.data)
    .data                                    0x20000058   Section       16  control.o(.data)
    .data                                    0x20000068   Section       16  control.o(.data)
    .data                                    0x20000078   Section       16  control.o(.data)
    .data                                    0x20000088   Section       40  wit_c_sdk.o(.data)
    s_ucAddr                                 0x20000088   Data           1  wit_c_sdk.o(.data)
    p_WitSerialWriteFunc                     0x2000008c   Data           4  wit_c_sdk.o(.data)
    p_WitI2cWriteFunc                        0x20000090   Data           4  wit_c_sdk.o(.data)
    p_WitI2cReadFunc                         0x20000094   Data           4  wit_c_sdk.o(.data)
    p_WitCanWriteFunc                        0x20000098   Data           4  wit_c_sdk.o(.data)
    p_WitRegUpdateCbFunc                     0x2000009c   Data           4  wit_c_sdk.o(.data)
    p_WitDelaymsFunc                         0x200000a0   Data           4  wit_c_sdk.o(.data)
    s_uiWitDataCnt                           0x200000a4   Data           4  wit_c_sdk.o(.data)
    s_uiProtoclo                             0x200000a8   Data           4  wit_c_sdk.o(.data)
    s_uiReadRegIndex                         0x200000ac   Data           4  wit_c_sdk.o(.data)
    .data                                    0x200000b0   Section        4  delay.o(.data)
    fac_us                                   0x200000b0   Data           4  delay.o(.data)
    .data                                    0x200000b4   Section        3  sys.o(.data)
    s_cDataUpdate                            0x200000b4   Data           1  sys.o(.data)
    s_cCmd                                   0x200000b5   Data           1  sys.o(.data)
    s_ucRxCnt                                0x200000b6   Data           1  sys.o(.data)
    .data                                    0x200000b8   Section        4  stdout.o(.data)
    .bss                                     0x200000bc   Section       84  i2c.o(.bss)
    .bss                                     0x20000110   Section      216  tim.o(.bss)
    .bss                                     0x200001e8   Section      340  usart.o(.bss)
    .bss                                     0x2000033c   Section      100  stm32f1xx_it.o(.bss)
    .bss                                     0x200003a0   Section       36  control.o(.bss)
    .bss                                     0x200003c4   Section      544  wit_c_sdk.o(.bss)
    s_ucWitDataBuff                          0x200003c4   Data         256  wit_c_sdk.o(.bss)
    STACK                                    0x200005e8   Section     1024  startup_stm32f103xe.o(STACK)

    Global Symbols

    Symbol Name                              Value     Ov Type        Size  Object(Section)

    BuildAttributes$$THM_ISAv4$P$D$K$B$S$PE$A:L22UL41UL21$X:L11$S22US41US21$IEEE1$IW$USESV6$~STKCKD$USESV7$~SHL$OTIME$ROPI$EBA8$MICROLIB$REQ8$PRES8$EABIv2 0x00000000   Number         0  anon$$obj.o ABSOLUTE
    __ARM_use_no_argv                        0x00000000   Number         0  main.o ABSOLUTE
    _printf_a                                0x00000000   Number         0  stubs.o ABSOLUTE
    _printf_c                                0x00000000   Number         0  stubs.o ABSOLUTE
    _printf_charcount                        0x00000000   Number         0  stubs.o ABSOLUTE
    _printf_d                                0x00000000   Number         0  stubs.o ABSOLUTE
    _printf_e                                0x00000000   Number         0  stubs.o ABSOLUTE
    _printf_f                                0x00000000   Number         0  stubs.o ABSOLUTE
    _printf_flags                            0x00000000   Number         0  stubs.o ABSOLUTE
    _printf_fp_dec                           0x00000000   Number         0  stubs.o ABSOLUTE
    _printf_fp_hex                           0x00000000   Number         0  stubs.o ABSOLUTE
    _printf_g                                0x00000000   Number         0  stubs.o ABSOLUTE
    _printf_i                                0x00000000   Number         0  stubs.o ABSOLUTE
    _printf_int_dec                          0x00000000   Number         0  stubs.o ABSOLUTE
    _printf_l                                0x00000000   Number         0  stubs.o ABSOLUTE
    _printf_lc                               0x00000000   Number         0  stubs.o ABSOLUTE
    _printf_ll                               0x00000000   Number         0  stubs.o ABSOLUTE
    _printf_lld                              0x00000000   Number         0  stubs.o ABSOLUTE
    _printf_lli                              0x00000000   Number         0  stubs.o ABSOLUTE
    _printf_llo                              0x00000000   Number         0  stubs.o ABSOLUTE
    _printf_llu                              0x00000000   Number         0  stubs.o ABSOLUTE
    _printf_llx                              0x00000000   Number         0  stubs.o ABSOLUTE
    _printf_longlong_dec                     0x00000000   Number         0  stubs.o ABSOLUTE
    _printf_longlong_hex                     0x00000000   Number         0  stubs.o ABSOLUTE
    _printf_longlong_oct                     0x00000000   Number         0  stubs.o ABSOLUTE
    _printf_ls                               0x00000000   Number         0  stubs.o ABSOLUTE
    _printf_mbtowc                           0x00000000   Number         0  stubs.o ABSOLUTE
    _printf_n                                0x00000000   Number         0  stubs.o ABSOLUTE
    _printf_o                                0x00000000   Number         0  stubs.o ABSOLUTE
    _printf_p                                0x00000000   Number         0  stubs.o ABSOLUTE
    _printf_percent                          0x00000000   Number         0  stubs.o ABSOLUTE
    _printf_pre_padding                      0x00000000   Number         0  stubs.o ABSOLUTE
    _printf_return_value                     0x00000000   Number         0  stubs.o ABSOLUTE
    _printf_s                                0x00000000   Number         0  stubs.o ABSOLUTE
    _printf_sizespec                         0x00000000   Number         0  stubs.o ABSOLUTE
    _printf_str                              0x00000000   Number         0  stubs.o ABSOLUTE
    _printf_truncate_signed                  0x00000000   Number         0  stubs.o ABSOLUTE
    _printf_truncate_unsigned                0x00000000   Number         0  stubs.o ABSOLUTE
    _printf_u                                0x00000000   Number         0  stubs.o ABSOLUTE
    _printf_wc                               0x00000000   Number         0  stubs.o ABSOLUTE
    _printf_wctomb                           0x00000000   Number         0  stubs.o ABSOLUTE
    _printf_widthprec                        0x00000000   Number         0  stubs.o ABSOLUTE
    _printf_x                                0x00000000   Number         0  stubs.o ABSOLUTE
    __cpp_initialize__aeabi_                  - Undefined Weak Reference
    __cxa_finalize                            - Undefined Weak Reference
    __decompress                              - Undefined Weak Reference
    _clock_init                               - Undefined Weak Reference
    _microlib_exit                            - Undefined Weak Reference
    __Vectors_Size                           0x00000130   Number         0  startup_stm32f103xe.o ABSOLUTE
    __Vectors                                0x08000000   Data           4  startup_stm32f103xe.o(RESET)
    __Vectors_End                            0x08000130   Data           0  startup_stm32f103xe.o(RESET)
    __main                                   0x08000131   Thumb Code     0  entry.o(.ARM.Collect$$$$00000000)
    _main_stk                                0x08000131   Thumb Code     0  entry2.o(.ARM.Collect$$$$00000001)
    _main_scatterload                        0x08000135   Thumb Code     0  entry5.o(.ARM.Collect$$$$00000004)
    __main_after_scatterload                 0x08000139   Thumb Code     0  entry5.o(.ARM.Collect$$$$00000004)
    _main_clock                              0x08000139   Thumb Code     0  entry7b.o(.ARM.Collect$$$$00000008)
    _main_cpp_init                           0x08000139   Thumb Code     0  entry8b.o(.ARM.Collect$$$$0000000A)
    _main_init                               0x08000139   Thumb Code     0  entry9a.o(.ARM.Collect$$$$0000000B)
    __rt_final_cpp                           0x08000141   Thumb Code     0  entry10a.o(.ARM.Collect$$$$0000000D)
    __rt_final_exit                          0x08000141   Thumb Code     0  entry11a.o(.ARM.Collect$$$$0000000F)
    Reset_Handler                            0x08000145   Thumb Code     8  startup_stm32f103xe.o(.text)
    ADC1_2_IRQHandler                        0x0800015f   Thumb Code     0  startup_stm32f103xe.o(.text)
    ADC3_IRQHandler                          0x0800015f   Thumb Code     0  startup_stm32f103xe.o(.text)
    CAN1_RX1_IRQHandler                      0x0800015f   Thumb Code     0  startup_stm32f103xe.o(.text)
    CAN1_SCE_IRQHandler                      0x0800015f   Thumb Code     0  startup_stm32f103xe.o(.text)
    DMA1_Channel1_IRQHandler                 0x0800015f   Thumb Code     0  startup_stm32f103xe.o(.text)
    DMA1_Channel2_IRQHandler                 0x0800015f   Thumb Code     0  startup_stm32f103xe.o(.text)
    DMA1_Channel4_IRQHandler                 0x0800015f   Thumb Code     0  startup_stm32f103xe.o(.text)
    DMA1_Channel5_IRQHandler                 0x0800015f   Thumb Code     0  startup_stm32f103xe.o(.text)
    DMA1_Channel7_IRQHandler                 0x0800015f   Thumb Code     0  startup_stm32f103xe.o(.text)
    DMA2_Channel1_IRQHandler                 0x0800015f   Thumb Code     0  startup_stm32f103xe.o(.text)
    DMA2_Channel2_IRQHandler                 0x0800015f   Thumb Code     0  startup_stm32f103xe.o(.text)
    DMA2_Channel3_IRQHandler                 0x0800015f   Thumb Code     0  startup_stm32f103xe.o(.text)
    DMA2_Channel4_5_IRQHandler               0x0800015f   Thumb Code     0  startup_stm32f103xe.o(.text)
    EXTI15_10_IRQHandler                     0x0800015f   Thumb Code     0  startup_stm32f103xe.o(.text)
    EXTI1_IRQHandler                         0x0800015f   Thumb Code     0  startup_stm32f103xe.o(.text)
    EXTI2_IRQHandler                         0x0800015f   Thumb Code     0  startup_stm32f103xe.o(.text)
    EXTI3_IRQHandler                         0x0800015f   Thumb Code     0  startup_stm32f103xe.o(.text)
    FLASH_IRQHandler                         0x0800015f   Thumb Code     0  startup_stm32f103xe.o(.text)
    FSMC_IRQHandler                          0x0800015f   Thumb Code     0  startup_stm32f103xe.o(.text)
    I2C1_ER_IRQHandler                       0x0800015f   Thumb Code     0  startup_stm32f103xe.o(.text)
    I2C1_EV_IRQHandler                       0x0800015f   Thumb Code     0  startup_stm32f103xe.o(.text)
    I2C2_ER_IRQHandler                       0x0800015f   Thumb Code     0  startup_stm32f103xe.o(.text)
    I2C2_EV_IRQHandler                       0x0800015f   Thumb Code     0  startup_stm32f103xe.o(.text)
    PVD_IRQHandler                           0x0800015f   Thumb Code     0  startup_stm32f103xe.o(.text)
    RCC_IRQHandler                           0x0800015f   Thumb Code     0  startup_stm32f103xe.o(.text)
    RTC_Alarm_IRQHandler                     0x0800015f   Thumb Code     0  startup_stm32f103xe.o(.text)
    RTC_IRQHandler                           0x0800015f   Thumb Code     0  startup_stm32f103xe.o(.text)
    SDIO_IRQHandler                          0x0800015f   Thumb Code     0  startup_stm32f103xe.o(.text)
    SPI1_IRQHandler                          0x0800015f   Thumb Code     0  startup_stm32f103xe.o(.text)
    SPI2_IRQHandler                          0x0800015f   Thumb Code     0  startup_stm32f103xe.o(.text)
    SPI3_IRQHandler                          0x0800015f   Thumb Code     0  startup_stm32f103xe.o(.text)
    TAMPER_IRQHandler                        0x0800015f   Thumb Code     0  startup_stm32f103xe.o(.text)
    TIM1_BRK_IRQHandler                      0x0800015f   Thumb Code     0  startup_stm32f103xe.o(.text)
    TIM1_CC_IRQHandler                       0x0800015f   Thumb Code     0  startup_stm32f103xe.o(.text)
    TIM1_TRG_COM_IRQHandler                  0x0800015f   Thumb Code     0  startup_stm32f103xe.o(.text)
    TIM1_UP_IRQHandler                       0x0800015f   Thumb Code     0  startup_stm32f103xe.o(.text)
    TIM2_IRQHandler                          0x0800015f   Thumb Code     0  startup_stm32f103xe.o(.text)
    TIM3_IRQHandler                          0x0800015f   Thumb Code     0  startup_stm32f103xe.o(.text)
    TIM4_IRQHandler                          0x0800015f   Thumb Code     0  startup_stm32f103xe.o(.text)
    TIM5_IRQHandler                          0x0800015f   Thumb Code     0  startup_stm32f103xe.o(.text)
    TIM6_IRQHandler                          0x0800015f   Thumb Code     0  startup_stm32f103xe.o(.text)
    TIM7_IRQHandler                          0x0800015f   Thumb Code     0  startup_stm32f103xe.o(.text)
    TIM8_BRK_IRQHandler                      0x0800015f   Thumb Code     0  startup_stm32f103xe.o(.text)
    TIM8_CC_IRQHandler                       0x0800015f   Thumb Code     0  startup_stm32f103xe.o(.text)
    TIM8_TRG_COM_IRQHandler                  0x0800015f   Thumb Code     0  startup_stm32f103xe.o(.text)
    TIM8_UP_IRQHandler                       0x0800015f   Thumb Code     0  startup_stm32f103xe.o(.text)
    UART4_IRQHandler                         0x0800015f   Thumb Code     0  startup_stm32f103xe.o(.text)
    UART5_IRQHandler                         0x0800015f   Thumb Code     0  startup_stm32f103xe.o(.text)
    USART1_IRQHandler                        0x0800015f   Thumb Code     0  startup_stm32f103xe.o(.text)
    USBWakeUp_IRQHandler                     0x0800015f   Thumb Code     0  startup_stm32f103xe.o(.text)
    USB_HP_CAN1_TX_IRQHandler                0x0800015f   Thumb Code     0  startup_stm32f103xe.o(.text)
    USB_LP_CAN1_RX0_IRQHandler               0x0800015f   Thumb Code     0  startup_stm32f103xe.o(.text)
    WWDG_IRQHandler                          0x0800015f   Thumb Code     0  startup_stm32f103xe.o(.text)
    __aeabi_llsr                             0x08000169   Thumb Code    32  llushr.o(.text)
    _ll_ushift_r                             0x08000169   Thumb Code     0  llushr.o(.text)
    __aeabi_memset                           0x08000189   Thumb Code    14  memseta.o(.text)
    __aeabi_memset4                          0x08000189   Thumb Code     0  memseta.o(.text)
    __aeabi_memset8                          0x08000189   Thumb Code     0  memseta.o(.text)
    __aeabi_memclr                           0x08000197   Thumb Code     4  memseta.o(.text)
    __aeabi_memclr4                          0x08000197   Thumb Code     0  memseta.o(.text)
    __aeabi_memclr8                          0x08000197   Thumb Code     0  memseta.o(.text)
    _memset$wrapper                          0x0800019b   Thumb Code    18  memseta.o(.text)
    __aeabi_fadd                             0x080001ad   Thumb Code   164  fadd.o(.text)
    __aeabi_fsub                             0x08000251   Thumb Code     6  fadd.o(.text)
    __aeabi_frsub                            0x08000257   Thumb Code     6  fadd.o(.text)
    __aeabi_fmul                             0x0800025d   Thumb Code   100  fmul.o(.text)
    __ARM_scalbnf                            0x080002c1   Thumb Code    24  fscalb.o(.text)
    scalbnf                                  0x080002c1   Thumb Code     0  fscalb.o(.text)
    __aeabi_i2f                              0x080002d9   Thumb Code    18  fflti.o(.text)
    __aeabi_f2uiz                            0x080002eb   Thumb Code    40  ffixui.o(.text)
    __aeabi_f2d                              0x08000313   Thumb Code    38  f2d.o(.text)
    __aeabi_uidiv                            0x08000339   Thumb Code     0  uidiv.o(.text)
    __aeabi_uidivmod                         0x08000339   Thumb Code    44  uidiv.o(.text)
    __aeabi_uldivmod                         0x08000365   Thumb Code    98  uldiv.o(.text)
    __I$use$fp                               0x080003c7   Thumb Code     0  iusefp.o(.text)
    _float_round                             0x080003c7   Thumb Code    18  fepilogue.o(.text)
    _float_epilogue                          0x080003d9   Thumb Code    92  fepilogue.o(.text)
    __aeabi_dadd                             0x08000435   Thumb Code   322  dadd.o(.text)
    __aeabi_dsub                             0x08000577   Thumb Code     6  dadd.o(.text)
    __aeabi_drsub                            0x0800057d   Thumb Code     6  dadd.o(.text)
    __aeabi_dmul                             0x08000583   Thumb Code   228  dmul.o(.text)
    __aeabi_ddiv                             0x08000667   Thumb Code   222  ddiv.o(.text)
    __aeabi_d2ulz                            0x08000745   Thumb Code    48  dfixul.o(.text)
    __aeabi_cdrcmple                         0x08000775   Thumb Code    48  cdrcmple.o(.text)
    __scatterload                            0x080007a5   Thumb Code    28  init.o(.text)
    __scatterload_rt2                        0x080007a5   Thumb Code     0  init.o(.text)
    __aeabi_llsl                             0x080007c9   Thumb Code    30  llshl.o(.text)
    _ll_shift_l                              0x080007c9   Thumb Code     0  llshl.o(.text)
    __aeabi_lasr                             0x080007e7   Thumb Code    36  llsshr.o(.text)
    _ll_sshift_r                             0x080007e7   Thumb Code     0  llsshr.o(.text)
    _double_round                            0x0800080b   Thumb Code    30  depilogue.o(.text)
    _double_epilogue                         0x08000829   Thumb Code   156  depilogue.o(.text)
    BusFault_Handler                         0x080008c5   Thumb Code     2  stm32f1xx_it.o(i.BusFault_Handler)
    CopeSensorData                           0x080008c9   Thumb Code    72  sys.o(i.CopeSensorData)
    DMA1_Channel3_IRQHandler                 0x08000915   Thumb Code     6  stm32f1xx_it.o(i.DMA1_Channel3_IRQHandler)
    DMA1_Channel6_IRQHandler                 0x08000921   Thumb Code     6  stm32f1xx_it.o(i.DMA1_Channel6_IRQHandler)
    DebugMon_Handler                         0x08000957   Thumb Code     2  stm32f1xx_it.o(i.DebugMon_Handler)
    Delay                                    0x08000959   Thumb Code     8  ioi2c.o(i.Delay)
    Delayms                                  0x08000961   Thumb Code     4  sys.o(i.Delayms)
    EXTI0_IRQHandler                         0x08000965   Thumb Code   114  stm32f1xx_it.o(i.EXTI0_IRQHandler)
    EXTI4_IRQHandler                         0x08000a01   Thumb Code    44  stm32f1xx_it.o(i.EXTI4_IRQHandler)
    EXTI9_5_IRQHandler                       0x08000a31   Thumb Code    56  stm32f1xx_it.o(i.EXTI9_5_IRQHandler)
    Error_Handler                            0x08000a71   Thumb Code     4  main.o(i.Error_Handler)
    HAL_DMA_Abort                            0x08000a75   Thumb Code    70  stm32f1xx_hal_dma.o(i.HAL_DMA_Abort)
    HAL_DMA_Abort_IT                         0x08000abd   Thumb Code   296  stm32f1xx_hal_dma.o(i.HAL_DMA_Abort_IT)
    HAL_DMA_IRQHandler                       0x08000bed   Thumb Code   552  stm32f1xx_hal_dma.o(i.HAL_DMA_IRQHandler)
    HAL_DMA_Init                             0x08000e35   Thumb Code   112  stm32f1xx_hal_dma.o(i.HAL_DMA_Init)
    HAL_DMA_Start_IT                         0x08000eb1   Thumb Code   112  stm32f1xx_hal_dma.o(i.HAL_DMA_Start_IT)
    HAL_Delay                                0x08000f21   Thumb Code    32  stm32f1xx_hal.o(i.HAL_Delay)
    HAL_GPIO_EXTI_Callback                   0x08000f45   Thumb Code     2  stm32f1xx_hal_gpio.o(i.HAL_GPIO_EXTI_Callback)
    HAL_GPIO_EXTI_IRQHandler                 0x08000f49   Thumb Code    18  stm32f1xx_hal_gpio.o(i.HAL_GPIO_EXTI_IRQHandler)
    HAL_GPIO_Init                            0x08000f61   Thumb Code   462  stm32f1xx_hal_gpio.o(i.HAL_GPIO_Init)
    HAL_GPIO_ReadPin                         0x08001159   Thumb Code    10  stm32f1xx_hal_gpio.o(i.HAL_GPIO_ReadPin)
    HAL_GPIO_WritePin                        0x08001163   Thumb Code    10  stm32f1xx_hal_gpio.o(i.HAL_GPIO_WritePin)
    HAL_GetTick                              0x0800116d   Thumb Code     6  stm32f1xx_hal.o(i.HAL_GetTick)
    HAL_I2C_Init                             0x08001179   Thumb Code   376  stm32f1xx_hal_i2c.o(i.HAL_I2C_Init)
    HAL_I2C_Mem_Write                        0x08001301   Thumb Code   294  stm32f1xx_hal_i2c.o(i.HAL_I2C_Mem_Write)
    HAL_I2C_MspInit                          0x08001431   Thumb Code    82  i2c.o(i.HAL_I2C_MspInit)
    HAL_IncTick                              0x08001491   Thumb Code    12  stm32f1xx_hal.o(i.HAL_IncTick)
    HAL_Init                                 0x080014a1   Thumb Code    32  stm32f1xx_hal.o(i.HAL_Init)
    HAL_InitTick                             0x080014c5   Thumb Code    54  stm32f1xx_hal.o(i.HAL_InitTick)
    HAL_MspInit                              0x08001505   Thumb Code    58  stm32f1xx_hal_msp.o(i.HAL_MspInit)
    HAL_NVIC_EnableIRQ                       0x08001549   Thumb Code    26  stm32f1xx_hal_cortex.o(i.HAL_NVIC_EnableIRQ)
    HAL_NVIC_SetPriority                     0x08001565   Thumb Code    60  stm32f1xx_hal_cortex.o(i.HAL_NVIC_SetPriority)
    HAL_NVIC_SetPriorityGrouping             0x080015a5   Thumb Code    26  stm32f1xx_hal_cortex.o(i.HAL_NVIC_SetPriorityGrouping)
    HAL_RCC_ClockConfig                      0x080015c9   Thumb Code   280  stm32f1xx_hal_rcc.o(i.HAL_RCC_ClockConfig)
    HAL_RCC_GetPCLK1Freq                     0x080016f5   Thumb Code    20  stm32f1xx_hal_rcc.o(i.HAL_RCC_GetPCLK1Freq)
    HAL_RCC_GetPCLK2Freq                     0x08001715   Thumb Code    20  stm32f1xx_hal_rcc.o(i.HAL_RCC_GetPCLK2Freq)
    HAL_RCC_GetSysClockFreq                  0x08001735   Thumb Code    74  stm32f1xx_hal_rcc.o(i.HAL_RCC_GetSysClockFreq)
    HAL_RCC_OscConfig                        0x080017a1   Thumb Code   778  stm32f1xx_hal_rcc.o(i.HAL_RCC_OscConfig)
    HAL_SYSTICK_CLKSourceConfig              0x08001ac1   Thumb Code    24  stm32f1xx_hal_cortex.o(i.HAL_SYSTICK_CLKSourceConfig)
    HAL_SYSTICK_Config                       0x08001ad9   Thumb Code    40  stm32f1xx_hal_cortex.o(i.HAL_SYSTICK_Config)
    HAL_TIMEx_ConfigBreakDeadTime            0x08001b01   Thumb Code    84  stm32f1xx_hal_tim_ex.o(i.HAL_TIMEx_ConfigBreakDeadTime)
    HAL_TIMEx_MasterConfigSynchronization    0x08001b55   Thumb Code   104  stm32f1xx_hal_tim_ex.o(i.HAL_TIMEx_MasterConfigSynchronization)
    HAL_TIM_Base_Init                        0x08001bd1   Thumb Code    90  stm32f1xx_hal_tim.o(i.HAL_TIM_Base_Init)
    HAL_TIM_Base_MspInit                     0x08001c2d   Thumb Code    30  tim.o(i.HAL_TIM_Base_MspInit)
    HAL_TIM_ConfigClockSource                0x08001c55   Thumb Code   214  stm32f1xx_hal_tim.o(i.HAL_TIM_ConfigClockSource)
    HAL_TIM_Encoder_Init                     0x08001d2b   Thumb Code   164  stm32f1xx_hal_tim.o(i.HAL_TIM_Encoder_Init)
    HAL_TIM_Encoder_MspInit                  0x08001dd1   Thumb Code   140  tim.o(i.HAL_TIM_Encoder_MspInit)
    HAL_TIM_Encoder_Start                    0x08001e75   Thumb Code   142  stm32f1xx_hal_tim.o(i.HAL_TIM_Encoder_Start)
    HAL_TIM_MspPostInit                      0x08001f05   Thumb Code    64  tim.o(i.HAL_TIM_MspPostInit)
    HAL_TIM_PWM_ConfigChannel                0x08001f51   Thumb Code   198  stm32f1xx_hal_tim.o(i.HAL_TIM_PWM_ConfigChannel)
    HAL_TIM_PWM_Init                         0x08002017   Thumb Code    90  stm32f1xx_hal_tim.o(i.HAL_TIM_PWM_Init)
    HAL_TIM_PWM_MspInit                      0x08002071   Thumb Code     2  stm32f1xx_hal_tim.o(i.HAL_TIM_PWM_MspInit)
    HAL_TIM_PWM_Start                        0x08002075   Thumb Code   160  stm32f1xx_hal_tim.o(i.HAL_TIM_PWM_Start)
    HAL_UARTEx_RxEventCallback               0x08002129   Thumb Code     2  stm32f1xx_hal_uart.o(i.HAL_UARTEx_RxEventCallback)
    HAL_UART_DMAStop                         0x0800212b   Thumb Code    88  stm32f1xx_hal_uart.o(i.HAL_UART_DMAStop)
    HAL_UART_ErrorCallback                   0x08002183   Thumb Code     2  stm32f1xx_hal_uart.o(i.HAL_UART_ErrorCallback)
    HAL_UART_IRQHandler                      0x08002185   Thumb Code   520  stm32f1xx_hal_uart.o(i.HAL_UART_IRQHandler)
    HAL_UART_Init                            0x08002391   Thumb Code    98  stm32f1xx_hal_uart.o(i.HAL_UART_Init)
    HAL_UART_MspInit                         0x080023f5   Thumb Code   384  usart.o(i.HAL_UART_MspInit)
    HAL_UART_Receive_DMA                     0x08002599   Thumb Code    42  stm32f1xx_hal_uart.o(i.HAL_UART_Receive_DMA)
    HAL_UART_RxCpltCallback                  0x080025c3   Thumb Code     2  stm32f1xx_hal_uart.o(i.HAL_UART_RxCpltCallback)
    HAL_UART_RxHalfCpltCallback              0x080025c5   Thumb Code     2  stm32f1xx_hal_uart.o(i.HAL_UART_RxHalfCpltCallback)
    HAL_UART_Transmit                        0x080025c9   Thumb Code   178  stm32f1xx_hal_uart.o(i.HAL_UART_Transmit)
    HAL_UART_TxCpltCallback                  0x0800267b   Thumb Code     2  stm32f1xx_hal_uart.o(i.HAL_UART_TxCpltCallback)
    HardFault_Handler                        0x0800267d   Thumb Code     2  stm32f1xx_it.o(i.HardFault_Handler)
    IIC_Ack                                  0x080028ed   Thumb Code    56  ioi2c.o(i.IIC_Ack)
    IIC_Init                                 0x0800292d   Thumb Code   114  ioi2c.o(i.IIC_Init)
    IIC_NAck                                 0x080029ad   Thumb Code    56  ioi2c.o(i.IIC_NAck)
    IIC_Read_Byte                            0x080029ed   Thumb Code    90  ioi2c.o(i.IIC_Read_Byte)
    IIC_Send_Byte                            0x08002a51   Thumb Code    80  ioi2c.o(i.IIC_Send_Byte)
    IIC_Start                                0x08002aa9   Thumb Code    56  ioi2c.o(i.IIC_Start)
    IIC_Stop                                 0x08002ae9   Thumb Code    58  ioi2c.o(i.IIC_Stop)
    IIC_Wait_Ack                             0x08002b2d   Thumb Code    80  ioi2c.o(i.IIC_Wait_Ack)
    IICreadBytes                             0x08002b85   Thumb Code   106  ioi2c.o(i.IICreadBytes)
    IICwriteBytes                            0x08002bef   Thumb Code    82  ioi2c.o(i.IICwriteBytes)
    MX_DMA_Init                              0x08002c41   Thumb Code    56  dma.o(i.MX_DMA_Init)
    MX_GPIO_Init                             0x08002c7d   Thumb Code   276  gpio.o(i.MX_GPIO_Init)
    MX_I2C2_Init                             0x08002da9   Thumb Code    50  i2c.o(i.MX_I2C2_Init)
    MX_TIM3_Init                             0x08002de9   Thumb Code    98  tim.o(i.MX_TIM3_Init)
    MX_TIM4_Init                             0x08002e55   Thumb Code    98  tim.o(i.MX_TIM4_Init)
    MX_TIM8_Init                             0x08002ec1   Thumb Code   210  tim.o(i.MX_TIM8_Init)
    MX_USART1_UART_Init                      0x08002f9d   Thumb Code    48  usart.o(i.MX_USART1_UART_Init)
    MX_USART2_UART_Init                      0x08002fd5   Thumb Code    48  usart.o(i.MX_USART2_UART_Init)
    MX_USART3_UART_Init                      0x0800300d   Thumb Code    48  usart.o(i.MX_USART3_UART_Init)
    MemManage_Handler                        0x08003045   Thumb Code     2  stm32f1xx_it.o(i.MemManage_Handler)
    NMI_Handler                              0x08003047   Thumb Code     2  stm32f1xx_it.o(i.NMI_Handler)
    OLED_CLS                                 0x08003049   Thumb Code     6  oled.o(i.OLED_CLS)
    OLED_Fill                                0x08003051   Thumb Code    56  oled.o(i.OLED_Fill)
    OLED_Init                                0x08003089   Thumb Code   180  oled.o(i.OLED_Init)
    OLED_ON                                  0x0800313d   Thumb Code    24  oled.o(i.OLED_ON)
    OLED_SetPos                              0x08003155   Thumb Code    38  oled.o(i.OLED_SetPos)
    OLED_ShowStr                             0x0800317d   Thumb Code   208  oled.o(i.OLED_ShowStr)
    PD_control                               0x08003255   Thumb Code    42  control.o(i.PD_control)
    PendSV_Handler                           0x08003289   Thumb Code     2  stm32f1xx_it.o(i.PendSV_Handler)
    Read_Angel                               0x0800328d   Thumb Code   192  control.o(i.Read_Angel)
    SVC_Handler                              0x08003371   Thumb Code     2  stm32f1xx_it.o(i.SVC_Handler)
    SysTick_Handler                          0x08003373   Thumb Code     4  stm32f1xx_it.o(i.SysTick_Handler)
    SystemClock_Config                       0x08003377   Thumb Code    94  main.o(i.SystemClock_Config)
    SystemInit                               0x080033d5   Thumb Code     2  system_stm32f1xx.o(i.SystemInit)
    TIM_Base_SetConfig                       0x080033d9   Thumb Code   120  stm32f1xx_hal_tim.o(i.TIM_Base_SetConfig)
    TIM_CCxChannelCmd                        0x08003465   Thumb Code    26  stm32f1xx_hal_tim.o(i.TIM_CCxChannelCmd)
    TIM_ETR_SetConfig                        0x0800347f   Thumb Code    20  stm32f1xx_hal_tim.o(i.TIM_ETR_SetConfig)
    TIM_OC2_SetConfig                        0x08003505   Thumb Code    98  stm32f1xx_hal_tim.o(i.TIM_OC2_SetConfig)
    Turn                                     0x08003671   Thumb Code   206  control.o(i.Turn)
    UART_Start_Receive_DMA                   0x080039e5   Thumb Code    98  stm32f1xx_hal_uart.o(i.UART_Start_Receive_DMA)
    USART2_IRQHandler                        0x08003ab9   Thumb Code   142  stm32f1xx_it.o(i.USART2_IRQHandler)
    USART3_IRQHandler                        0x08003b6d   Thumb Code     6  stm32f1xx_it.o(i.USART3_IRQHandler)
    UsageFault_Handler                       0x08003b79   Thumb Code     2  stm32f1xx_it.o(i.UsageFault_Handler)
    WitDelayMsRegister                       0x08003b7d   Thumb Code    16  wit_c_sdk.o(i.WitDelayMsRegister)
    WitI2cFuncRegister                       0x08003b91   Thumb Code    22  wit_c_sdk.o(i.WitI2cFuncRegister)
    WitInit                                  0x08003bad   Thumb Code    22  wit_c_sdk.o(i.WitInit)
    WitReadReg                               0x08003bc9   Thumb Code   312  wit_c_sdk.o(i.WitReadReg)
    WitRegisterCallBack                      0x08003d09   Thumb Code    16  wit_c_sdk.o(i.WitRegisterCallBack)
    WitStartMagCali                          0x08003d1d   Thumb Code    56  wit_c_sdk.o(i.WitStartMagCali)
    WitStopMagCali                           0x08003d59   Thumb Code    56  wit_c_sdk.o(i.WitStopMagCali)
    WitWriteReg                              0x08003d95   Thumb Code   228  wit_c_sdk.o(i.WitWriteReg)
    WriteCmd                                 0x08003e7d   Thumb Code    30  oled.o(i.WriteCmd)
    WriteDat                                 0x08003ea1   Thumb Code    30  oled.o(i.WriteDat)
    __0printf                                0x08003ec5   Thumb Code    22  printfa.o(i.__0printf)
    __1printf                                0x08003ec5   Thumb Code     0  printfa.o(i.__0printf)
    __2printf                                0x08003ec5   Thumb Code     0  printfa.o(i.__0printf)
    __c89printf                              0x08003ec5   Thumb Code     0  printfa.o(i.__0printf)
    printf                                   0x08003ec5   Thumb Code     0  printfa.o(i.__0printf)
    __scatterload_copy                       0x08003f31   Thumb Code    14  handlers.o(i.__scatterload_copy)
    __scatterload_null                       0x08003f3f   Thumb Code     2  handlers.o(i.__scatterload_null)
    __scatterload_zeroinit                   0x08003f41   Thumb Code    14  handlers.o(i.__scatterload_zeroinit)
    delay_init                               0x08004805   Thumb Code    16  delay.o(i.delay_init)
    delay_ms                                 0x08004819   Thumb Code    26  delay.o(i.delay_ms)
    delay_us                                 0x08004835   Thumb Code    48  delay.o(i.delay_us)
    fputc                                    0x08004869   Thumb Code    20  main.o(i.fputc)
    go_distance                              0x08004881   Thumb Code    76  control.o(i.go_distance)
    go_forward                               0x080048d5   Thumb Code    98  control.o(i.go_forward)
    limit                                    0x08004949   Thumb Code    20  control.o(i.limit)
    main                                     0x08004961   Thumb Code   170  main.o(i.main)
    question2                                0x08004a39   Thumb Code   544  control.o(i.question2)
    read_distance                            0x08004c61   Thumb Code    32  encoder.o(i.read_distance)
    stop                                     0x08004c89   Thumb Code    14  control.o(i.stop)
    turn_round                               0x08004c9d   Thumb Code   160  control.o(i.turn_round)
    AHBPrescTable                            0x08004d58   Data          16  system_stm32f1xx.o(.constdata)
    APBPrescTable                            0x08004d68   Data           8  system_stm32f1xx.o(.constdata)
    F6x8                                     0x08004d70   Data         552  oled.o(.constdata)
    F8X16                                    0x08004f98   Data        1520  oled.o(.constdata)
    Region$$Table$$Base                      0x08005788   Number         0  anon$$obj.o(Region$$Table)
    Region$$Table$$Limit                     0x080057a8   Number         0  anon$$obj.o(Region$$Table)
    position_flag                            0x20000000   Data           4  main.o(.data)
    mode_flag1                               0x20000004   Data           4  main.o(.data)
    mode_flag2                               0x20000008   Data           4  main.o(.data)
    room_flag1                               0x2000000c   Data           4  main.o(.data)
    rx_len                                   0x20000010   Data           1  stm32f1xx_it.o(.data)
    recv_end_flag                            0x20000011   Data           1  stm32f1xx_it.o(.data)
    uwTickFreq                               0x20000014   Data           1  stm32f1xx_hal.o(.data)
    uwTickPrio                               0x20000018   Data           4  stm32f1xx_hal.o(.data)
    uwTick                                   0x2000001c   Data           4  stm32f1xx_hal.o(.data)
    SystemCoreClock                          0x20000020   Data           4  system_stm32f1xx.o(.data)
    Turn_Kp                                  0x20000028   Data           4  control.o(.data)
    Turn_Kd                                  0x2000002c   Data           4  control.o(.data)
    Yaw_err                                  0x20000030   Data           4  control.o(.data)
    encoder_Kp                               0x20000034   Data           4  control.o(.data)
    encoder_Ki                               0x20000038   Data           4  control.o(.data)
    encoder_Kd                               0x2000003c   Data           4  control.o(.data)
    previous01_error                         0x20000040   Data           4  control.o(.data)
    previous02_error                         0x20000044   Data           4  control.o(.data)
    A                                        0x20000048   Data          16  control.o(.data)
    B                                        0x20000058   Data          16  control.o(.data)
    C                                        0x20000068   Data          16  control.o(.data)
    D                                        0x20000078   Data          16  control.o(.data)
    __stdout                                 0x200000b8   Data           4  stdout.o(.data)
    hi2c2                                    0x200000bc   Data          84  i2c.o(.bss)
    htim3                                    0x20000110   Data          72  tim.o(.bss)
    htim4                                    0x20000158   Data          72  tim.o(.bss)
    htim8                                    0x200001a0   Data          72  tim.o(.bss)
    huart1                                   0x200001e8   Data          68  usart.o(.bss)
    huart2                                   0x2000022c   Data          68  usart.o(.bss)
    huart3                                   0x20000270   Data          68  usart.o(.bss)
    hdma_usart2_rx                           0x200002b4   Data          68  usart.o(.bss)
    hdma_usart3_rx                           0x200002f8   Data          68  usart.o(.bss)
    rx_buffer                                0x2000033c   Data         100  stm32f1xx_it.o(.bss)
    fAcc                                     0x200003a0   Data          12  control.o(.bss)
    fGyro                                    0x200003ac   Data          12  control.o(.bss)
    fAngle                                   0x200003b8   Data          12  control.o(.bss)
    sReg                                     0x200004c4   Data         288  wit_c_sdk.o(.bss)
    __initial_sp                             0x200009e8   Data           0  startup_stm32f103xe.o(STACK)



==============================================================================

Memory Map of the image

  Image Entry point : 0x08000131

  Load Region LR_IROM1 (Base: 0x08000000, Size: 0x00005864, Max: 0x00080000, ABSOLUTE)

    Execution Region ER_IROM1 (Base: 0x08000000, Size: 0x000057a8, Max: 0x00080000, ABSOLUTE)

    Base Addr    Size         Type   Attr      Idx    E Section Name        Object

    0x08000000   0x00000130   Data   RO            3    RESET               startup_stm32f103xe.o
    0x08000130   0x00000000   Code   RO         3973  * .ARM.Collect$$$$00000000  mc_w.l(entry.o)
    0x08000130   0x00000004   Code   RO         4257    .ARM.Collect$$$$00000001  mc_w.l(entry2.o)
    0x08000134   0x00000004   Code   RO         4260    .ARM.Collect$$$$00000004  mc_w.l(entry5.o)
    0x08000138   0x00000000   Code   RO         4262    .ARM.Collect$$$$00000008  mc_w.l(entry7b.o)
    0x08000138   0x00000000   Code   RO         4264    .ARM.Collect$$$$0000000A  mc_w.l(entry8b.o)
    0x08000138   0x00000008   Code   RO         4265    .ARM.Collect$$$$0000000B  mc_w.l(entry9a.o)
    0x08000140   0x00000000   Code   RO         4267    .ARM.Collect$$$$0000000D  mc_w.l(entry10a.o)
    0x08000140   0x00000000   Code   RO         4269    .ARM.Collect$$$$0000000F  mc_w.l(entry11a.o)
    0x08000140   0x00000004   Code   RO         4258    .ARM.Collect$$$$00002712  mc_w.l(entry2.o)
    0x08000144   0x00000024   Code   RO            4    .text               startup_stm32f103xe.o
    0x08000168   0x00000020   Code   RO         3976    .text               mc_w.l(llushr.o)
    0x08000188   0x00000024   Code   RO         3980    .text               mc_w.l(memseta.o)
    0x080001ac   0x000000b0   Code   RO         4245    .text               mf_w.l(fadd.o)
    0x0800025c   0x00000064   Code   RO         4247    .text               mf_w.l(fmul.o)
    0x080002c0   0x00000018   Code   RO         4249    .text               mf_w.l(fscalb.o)
    0x080002d8   0x00000012   Code   RO         4251    .text               mf_w.l(fflti.o)
    0x080002ea   0x00000028   Code   RO         4253    .text               mf_w.l(ffixui.o)
    0x08000312   0x00000026   Code   RO         4255    .text               mf_w.l(f2d.o)
    0x08000338   0x0000002c   Code   RO         4272    .text               mc_w.l(uidiv.o)
    0x08000364   0x00000062   Code   RO         4274    .text               mc_w.l(uldiv.o)
    0x080003c6   0x00000000   Code   RO         4276    .text               mc_w.l(iusefp.o)
    0x080003c6   0x0000006e   Code   RO         4277    .text               mf_w.l(fepilogue.o)
    0x08000434   0x0000014e   Code   RO         4279    .text               mf_w.l(dadd.o)
    0x08000582   0x000000e4   Code   RO         4281    .text               mf_w.l(dmul.o)
    0x08000666   0x000000de   Code   RO         4283    .text               mf_w.l(ddiv.o)
    0x08000744   0x00000030   Code   RO         4285    .text               mf_w.l(dfixul.o)
    0x08000774   0x00000030   Code   RO         4287    .text               mf_w.l(cdrcmple.o)
    0x080007a4   0x00000024   Code   RO         4289    .text               mc_w.l(init.o)
    0x080007c8   0x0000001e   Code   RO         4291    .text               mc_w.l(llshl.o)
    0x080007e6   0x00000024   Code   RO         4293    .text               mc_w.l(llsshr.o)
    0x0800080a   0x000000ba   Code   RO         4295    .text               mf_w.l(depilogue.o)
    0x080008c4   0x00000002   Code   RO          428    i.BusFault_Handler  stm32f1xx_it.o
    0x080008c6   0x00000002   PAD
    0x080008c8   0x0000004c   Code   RO         3929    i.CopeSensorData    sys.o
    0x08000914   0x0000000c   Code   RO          429    i.DMA1_Channel3_IRQHandler  stm32f1xx_it.o
    0x08000920   0x0000000c   Code   RO          430    i.DMA1_Channel6_IRQHandler  stm32f1xx_it.o
    0x0800092c   0x0000002a   Code   RO         1424    i.DMA_SetConfig     stm32f1xx_hal_dma.o
    0x08000956   0x00000002   Code   RO          431    i.DebugMon_Handler  stm32f1xx_it.o
    0x08000958   0x00000008   Code   RO         3795    i.Delay             ioi2c.o
    0x08000960   0x00000004   Code   RO         3930    i.Delayms           sys.o
    0x08000964   0x0000009c   Code   RO          432    i.EXTI0_IRQHandler  stm32f1xx_it.o
    0x08000a00   0x00000030   Code   RO          433    i.EXTI4_IRQHandler  stm32f1xx_it.o
    0x08000a30   0x00000040   Code   RO          434    i.EXTI9_5_IRQHandler  stm32f1xx_it.o
    0x08000a70   0x00000004   Code   RO           13    i.Error_Handler     main.o
    0x08000a74   0x00000046   Code   RO         1425    i.HAL_DMA_Abort     stm32f1xx_hal_dma.o
    0x08000aba   0x00000002   PAD
    0x08000abc   0x00000130   Code   RO         1426    i.HAL_DMA_Abort_IT  stm32f1xx_hal_dma.o
    0x08000bec   0x00000248   Code   RO         1430    i.HAL_DMA_IRQHandler  stm32f1xx_hal_dma.o
    0x08000e34   0x0000007c   Code   RO         1431    i.HAL_DMA_Init      stm32f1xx_hal_dma.o
    0x08000eb0   0x00000070   Code   RO         1435    i.HAL_DMA_Start_IT  stm32f1xx_hal_dma.o
    0x08000f20   0x00000024   Code   RO         1053    i.HAL_Delay         stm32f1xx_hal.o
    0x08000f44   0x00000002   Code   RO         1359    i.HAL_GPIO_EXTI_Callback  stm32f1xx_hal_gpio.o
    0x08000f46   0x00000002   PAD
    0x08000f48   0x00000018   Code   RO         1360    i.HAL_GPIO_EXTI_IRQHandler  stm32f1xx_hal_gpio.o
    0x08000f60   0x000001f8   Code   RO         1361    i.HAL_GPIO_Init     stm32f1xx_hal_gpio.o
    0x08001158   0x0000000a   Code   RO         1363    i.HAL_GPIO_ReadPin  stm32f1xx_hal_gpio.o
    0x08001162   0x0000000a   Code   RO         1365    i.HAL_GPIO_WritePin  stm32f1xx_hal_gpio.o
    0x0800116c   0x0000000c   Code   RO         1057    i.HAL_GetTick       stm32f1xx_hal.o
    0x08001178   0x00000188   Code   RO          625    i.HAL_I2C_Init      stm32f1xx_hal_i2c.o
    0x08001300   0x00000130   Code   RO          646    i.HAL_I2C_Mem_Write  stm32f1xx_hal_i2c.o
    0x08001430   0x00000060   Code   RO          261    i.HAL_I2C_MspInit   i2c.o
    0x08001490   0x00000010   Code   RO         1063    i.HAL_IncTick       stm32f1xx_hal.o
    0x080014a0   0x00000024   Code   RO         1064    i.HAL_Init          stm32f1xx_hal.o
    0x080014c4   0x00000040   Code   RO         1065    i.HAL_InitTick      stm32f1xx_hal.o
    0x08001504   0x00000044   Code   RO          554    i.HAL_MspInit       stm32f1xx_hal_msp.o
    0x08001548   0x0000001a   Code   RO         1521    i.HAL_NVIC_EnableIRQ  stm32f1xx_hal_cortex.o
    0x08001562   0x00000002   PAD
    0x08001564   0x00000040   Code   RO         1527    i.HAL_NVIC_SetPriority  stm32f1xx_hal_cortex.o
    0x080015a4   0x00000024   Code   RO         1528    i.HAL_NVIC_SetPriorityGrouping  stm32f1xx_hal_cortex.o
    0x080015c8   0x0000012c   Code   RO         1221    i.HAL_RCC_ClockConfig  stm32f1xx_hal_rcc.o
    0x080016f4   0x00000020   Code   RO         1228    i.HAL_RCC_GetPCLK1Freq  stm32f1xx_hal_rcc.o
    0x08001714   0x00000020   Code   RO         1229    i.HAL_RCC_GetPCLK2Freq  stm32f1xx_hal_rcc.o
    0x08001734   0x0000006c   Code   RO         1230    i.HAL_RCC_GetSysClockFreq  stm32f1xx_hal_rcc.o
    0x080017a0   0x00000320   Code   RO         1233    i.HAL_RCC_OscConfig  stm32f1xx_hal_rcc.o
    0x08001ac0   0x00000018   Code   RO         1530    i.HAL_SYSTICK_CLKSourceConfig  stm32f1xx_hal_cortex.o
    0x08001ad8   0x00000028   Code   RO         1532    i.HAL_SYSTICK_Config  stm32f1xx_hal_cortex.o
    0x08001b00   0x00000054   Code   RO         2730    i.HAL_TIMEx_ConfigBreakDeadTime  stm32f1xx_hal_tim_ex.o
    0x08001b54   0x0000007c   Code   RO         2746    i.HAL_TIMEx_MasterConfigSynchronization  stm32f1xx_hal_tim_ex.o
    0x08001bd0   0x0000005a   Code   RO         2023    i.HAL_TIM_Base_Init  stm32f1xx_hal_tim.o
    0x08001c2a   0x00000002   PAD
    0x08001c2c   0x00000028   Code   RO          303    i.HAL_TIM_Base_MspInit  tim.o
    0x08001c54   0x000000d6   Code   RO         2032    i.HAL_TIM_ConfigClockSource  stm32f1xx_hal_tim.o
    0x08001d2a   0x000000a4   Code   RO         2044    i.HAL_TIM_Encoder_Init  stm32f1xx_hal_tim.o
    0x08001dce   0x00000002   PAD
    0x08001dd0   0x000000a4   Code   RO          305    i.HAL_TIM_Encoder_MspInit  tim.o
    0x08001e74   0x0000008e   Code   RO         2047    i.HAL_TIM_Encoder_Start  stm32f1xx_hal_tim.o
    0x08001f02   0x00000002   PAD
    0x08001f04   0x0000004c   Code   RO          306    i.HAL_TIM_MspPostInit  tim.o
    0x08001f50   0x000000c6   Code   RO         2095    i.HAL_TIM_PWM_ConfigChannel  stm32f1xx_hal_tim.o
    0x08002016   0x0000005a   Code   RO         2098    i.HAL_TIM_PWM_Init  stm32f1xx_hal_tim.o
    0x08002070   0x00000002   Code   RO         2100    i.HAL_TIM_PWM_MspInit  stm32f1xx_hal_tim.o
    0x08002072   0x00000002   PAD
    0x08002074   0x000000b4   Code   RO         2103    i.HAL_TIM_PWM_Start  stm32f1xx_hal_tim.o
    0x08002128   0x00000002   Code   RO         3005    i.HAL_UARTEx_RxEventCallback  stm32f1xx_hal_uart.o
    0x0800212a   0x00000058   Code   RO         3017    i.HAL_UART_DMAStop  stm32f1xx_hal_uart.o
    0x08002182   0x00000002   Code   RO         3019    i.HAL_UART_ErrorCallback  stm32f1xx_hal_uart.o
    0x08002184   0x0000020c   Code   RO         3022    i.HAL_UART_IRQHandler  stm32f1xx_hal_uart.o
    0x08002390   0x00000062   Code   RO         3023    i.HAL_UART_Init     stm32f1xx_hal_uart.o
    0x080023f2   0x00000002   PAD
    0x080023f4   0x000001a4   Code   RO          375    i.HAL_UART_MspInit  usart.o
    0x08002598   0x0000002a   Code   RO         3027    i.HAL_UART_Receive_DMA  stm32f1xx_hal_uart.o
    0x080025c2   0x00000002   Code   RO         3029    i.HAL_UART_RxCpltCallback  stm32f1xx_hal_uart.o
    0x080025c4   0x00000002   Code   RO         3030    i.HAL_UART_RxHalfCpltCallback  stm32f1xx_hal_uart.o
    0x080025c6   0x00000002   PAD
    0x080025c8   0x000000b2   Code   RO         3031    i.HAL_UART_Transmit  stm32f1xx_hal_uart.o
    0x0800267a   0x00000002   Code   RO         3034    i.HAL_UART_TxCpltCallback  stm32f1xx_hal_uart.o
    0x0800267c   0x00000002   Code   RO          435    i.HardFault_Handler  stm32f1xx_it.o
    0x0800267e   0x0000002e   Code   RO          667    i.I2C_IsAcknowledgeFailed  stm32f1xx_hal_i2c.o
    0x080026ac   0x000000a8   Code   RO          678    i.I2C_RequestMemoryWrite  stm32f1xx_hal_i2c.o
    0x08002754   0x0000004c   Code   RO          682    i.I2C_WaitOnBTFFlagUntilTimeout  stm32f1xx_hal_i2c.o
    0x080027a0   0x00000068   Code   RO          683    i.I2C_WaitOnFlagUntilTimeout  stm32f1xx_hal_i2c.o
    0x08002808   0x00000096   Code   RO          684    i.I2C_WaitOnMasterAddressFlagUntilTimeout  stm32f1xx_hal_i2c.o
    0x0800289e   0x0000004c   Code   RO          686    i.I2C_WaitOnTXEFlagUntilTimeout  stm32f1xx_hal_i2c.o
    0x080028ea   0x00000002   PAD
    0x080028ec   0x00000040   Code   RO         3796    i.IIC_Ack           ioi2c.o
    0x0800292c   0x00000080   Code   RO         3797    i.IIC_Init          ioi2c.o
    0x080029ac   0x00000040   Code   RO         3798    i.IIC_NAck          ioi2c.o
    0x080029ec   0x00000064   Code   RO         3799    i.IIC_Read_Byte     ioi2c.o
    0x08002a50   0x00000058   Code   RO         3800    i.IIC_Send_Byte     ioi2c.o
    0x08002aa8   0x00000040   Code   RO         3801    i.IIC_Start         ioi2c.o
    0x08002ae8   0x00000044   Code   RO         3802    i.IIC_Stop          ioi2c.o
    0x08002b2c   0x00000058   Code   RO         3803    i.IIC_Wait_Ack      ioi2c.o
    0x08002b84   0x0000006a   Code   RO         3804    i.IICreadBytes      ioi2c.o
    0x08002bee   0x00000052   Code   RO         3805    i.IICwriteBytes     ioi2c.o
    0x08002c40   0x0000003c   Code   RO          236    i.MX_DMA_Init       dma.o
    0x08002c7c   0x0000012c   Code   RO          212    i.MX_GPIO_Init      gpio.o
    0x08002da8   0x00000040   Code   RO          262    i.MX_I2C2_Init      i2c.o
    0x08002de8   0x0000006c   Code   RO          307    i.MX_TIM3_Init      tim.o
    0x08002e54   0x0000006c   Code   RO          308    i.MX_TIM4_Init      tim.o
    0x08002ec0   0x000000dc   Code   RO          309    i.MX_TIM8_Init      tim.o
    0x08002f9c   0x00000038   Code   RO          376    i.MX_USART1_UART_Init  usart.o
    0x08002fd4   0x00000038   Code   RO          377    i.MX_USART2_UART_Init  usart.o
    0x0800300c   0x00000038   Code   RO          378    i.MX_USART3_UART_Init  usart.o
    0x08003044   0x00000002   Code   RO          436    i.MemManage_Handler  stm32f1xx_it.o
    0x08003046   0x00000002   Code   RO          437    i.NMI_Handler       stm32f1xx_it.o
    0x08003048   0x00000006   Code   RO         3389    i.OLED_CLS          oled.o
    0x0800304e   0x00000002   PAD
    0x08003050   0x00000038   Code   RO         3391    i.OLED_Fill         oled.o
    0x08003088   0x000000b4   Code   RO         3392    i.OLED_Init         oled.o
    0x0800313c   0x00000018   Code   RO         3394    i.OLED_ON           oled.o
    0x08003154   0x00000026   Code   RO         3395    i.OLED_SetPos       oled.o
    0x0800317a   0x00000002   PAD
    0x0800317c   0x000000d8   Code   RO         3399    i.OLED_ShowStr      oled.o
    0x08003254   0x00000034   Code   RO         3536    i.PD_control        control.o
    0x08003288   0x00000002   Code   RO          438    i.PendSV_Handler    stm32f1xx_it.o
    0x0800328a   0x00000002   PAD
    0x0800328c   0x000000e4   Code   RO         3537    i.Read_Angel        control.o
    0x08003370   0x00000002   Code   RO          439    i.SVC_Handler       stm32f1xx_it.o
    0x08003372   0x00000004   Code   RO          440    i.SysTick_Handler   stm32f1xx_it.o
    0x08003376   0x0000005e   Code   RO           14    i.SystemClock_Config  main.o
    0x080033d4   0x00000002   Code   RO         3352    i.SystemInit        system_stm32f1xx.o
    0x080033d6   0x00000002   PAD
    0x080033d8   0x0000008c   Code   RO         2116    i.TIM_Base_SetConfig  stm32f1xx_hal_tim.o
    0x08003464   0x0000001a   Code   RO         2117    i.TIM_CCxChannelCmd  stm32f1xx_hal_tim.o
    0x0800347e   0x00000014   Code   RO         2127    i.TIM_ETR_SetConfig  stm32f1xx_hal_tim.o
    0x08003492   0x00000010   Code   RO         2128    i.TIM_ITRx_SetConfig  stm32f1xx_hal_tim.o
    0x080034a2   0x00000002   PAD
    0x080034a4   0x00000060   Code   RO         2129    i.TIM_OC1_SetConfig  stm32f1xx_hal_tim.o
    0x08003504   0x0000006c   Code   RO         2130    i.TIM_OC2_SetConfig  stm32f1xx_hal_tim.o
    0x08003570   0x00000068   Code   RO         2131    i.TIM_OC3_SetConfig  stm32f1xx_hal_tim.o
    0x080035d8   0x00000050   Code   RO         2132    i.TIM_OC4_SetConfig  stm32f1xx_hal_tim.o
    0x08003628   0x00000022   Code   RO         2134    i.TIM_TI1_ConfigInputStage  stm32f1xx_hal_tim.o
    0x0800364a   0x00000024   Code   RO         2136    i.TIM_TI2_ConfigInputStage  stm32f1xx_hal_tim.o
    0x0800366e   0x00000002   PAD
    0x08003670   0x000000f4   Code   RO         3538    i.Turn              control.o
    0x08003764   0x00000010   Code   RO         3036    i.UART_DMAAbortOnError  stm32f1xx_hal_uart.o
    0x08003774   0x0000004a   Code   RO         3037    i.UART_DMAError     stm32f1xx_hal_uart.o
    0x080037be   0x0000005a   Code   RO         3038    i.UART_DMAReceiveCplt  stm32f1xx_hal_uart.o
    0x08003818   0x0000001a   Code   RO         3040    i.UART_DMARxHalfCplt  stm32f1xx_hal_uart.o
    0x08003832   0x00000030   Code   RO         3046    i.UART_EndRxTransfer  stm32f1xx_hal_uart.o
    0x08003862   0x00000012   Code   RO         3047    i.UART_EndTxTransfer  stm32f1xx_hal_uart.o
    0x08003874   0x000000b6   Code   RO         3048    i.UART_Receive_IT   stm32f1xx_hal_uart.o
    0x0800392a   0x00000002   PAD
    0x0800392c   0x000000b8   Code   RO         3049    i.UART_SetConfig    stm32f1xx_hal_uart.o
    0x080039e4   0x00000070   Code   RO         3050    i.UART_Start_Receive_DMA  stm32f1xx_hal_uart.o
    0x08003a54   0x00000064   Code   RO         3052    i.UART_WaitOnFlagUntilTimeout  stm32f1xx_hal_uart.o
    0x08003ab8   0x000000b4   Code   RO          441    i.USART2_IRQHandler  stm32f1xx_it.o
    0x08003b6c   0x0000000c   Code   RO          442    i.USART3_IRQHandler  stm32f1xx_it.o
    0x08003b78   0x00000002   Code   RO          443    i.UsageFault_Handler  stm32f1xx_it.o
    0x08003b7a   0x00000002   PAD
    0x08003b7c   0x00000014   Code   RO         3637    i.WitDelayMsRegister  wit_c_sdk.o
    0x08003b90   0x0000001c   Code   RO         3638    i.WitI2cFuncRegister  wit_c_sdk.o
    0x08003bac   0x0000001c   Code   RO         3639    i.WitInit           wit_c_sdk.o
    0x08003bc8   0x00000140   Code   RO         3640    i.WitReadReg        wit_c_sdk.o
    0x08003d08   0x00000014   Code   RO         3641    i.WitRegisterCallBack  wit_c_sdk.o
    0x08003d1c   0x0000003c   Code   RO         3650    i.WitStartMagCali   wit_c_sdk.o
    0x08003d58   0x0000003c   Code   RO         3652    i.WitStopMagCali    wit_c_sdk.o
    0x08003d94   0x000000e8   Code   RO         3653    i.WitWriteReg       wit_c_sdk.o
    0x08003e7c   0x00000024   Code   RO         3400    i.WriteCmd          oled.o
    0x08003ea0   0x00000024   Code   RO         3401    i.WriteDat          oled.o
    0x08003ec4   0x00000020   Code   RO         4217    i.__0printf         mc_w.l(printfa.o)
    0x08003ee4   0x0000002c   Code   RO         3654    i.__CRC16           wit_c_sdk.o
    0x08003f10   0x00000020   Code   RO         1534    i.__NVIC_SetPriority  stm32f1xx_hal_cortex.o
    0x08003f30   0x0000000e   Code   RO         4299    i.__scatterload_copy  mc_w.l(handlers.o)
    0x08003f3e   0x00000002   Code   RO         4300    i.__scatterload_null  mc_w.l(handlers.o)
    0x08003f40   0x0000000e   Code   RO         4301    i.__scatterload_zeroinit  mc_w.l(handlers.o)
    0x08003f4e   0x00000002   PAD
    0x08003f50   0x00000184   Code   RO         4224    i._fp_digits        mc_w.l(printfa.o)
    0x080040d4   0x000006dc   Code   RO         4225    i._printf_core      mc_w.l(printfa.o)
    0x080047b0   0x00000024   Code   RO         4226    i._printf_post_padding  mc_w.l(printfa.o)
    0x080047d4   0x0000002e   Code   RO         4227    i._printf_pre_padding  mc_w.l(printfa.o)
    0x08004802   0x00000002   PAD
    0x08004804   0x00000014   Code   RO         3882    i.delay_init        delay.o
    0x08004818   0x0000001a   Code   RO         3883    i.delay_ms          delay.o
    0x08004832   0x00000002   PAD
    0x08004834   0x00000034   Code   RO         3884    i.delay_us          delay.o
    0x08004868   0x00000018   Code   RO           15    i.fputc             main.o
    0x08004880   0x00000054   Code   RO         3540    i.go_distance       control.o
    0x080048d4   0x00000074   Code   RO         3542    i.go_forward        control.o
    0x08004948   0x00000018   Code   RO         3543    i.limit             control.o
    0x08004960   0x000000d8   Code   RO           16    i.main              main.o
    0x08004a38   0x00000228   Code   RO         3544    i.question2         control.o
    0x08004c60   0x00000028   Code   RO         3500    i.read_distance     encoder.o
    0x08004c88   0x00000014   Code   RO         3545    i.stop              control.o
    0x08004c9c   0x000000bc   Code   RO         3546    i.turn_round        control.o
    0x08004d58   0x00000010   Data   RO         3353    .constdata          system_stm32f1xx.o
    0x08004d68   0x00000008   Data   RO         3354    .constdata          system_stm32f1xx.o
    0x08004d70   0x00000818   Data   RO         3403    .constdata          oled.o
    0x08005588   0x00000200   Data   RO         3656    .constdata          wit_c_sdk.o
    0x08005788   0x00000020   Data   RO         4297    Region$$Table       anon$$obj.o


    Execution Region RW_IRAM1 (Base: 0x20000000, Size: 0x000009e8, Max: 0x00010000, ABSOLUTE)

    Base Addr    Size         Type   Attr      Idx    E Section Name        Object

    0x20000000   0x00000004   Data   RW           17    .data               main.o
    0x20000004   0x00000004   Data   RW           18    .data               main.o
    0x20000008   0x00000004   Data   RW           19    .data               main.o
    0x2000000c   0x00000004   Data   RW           20    .data               main.o
    0x20000010   0x00000002   Data   RW          445    .data               stm32f1xx_it.o
    0x20000012   0x00000002   PAD
    0x20000014   0x0000000c   Data   RW         1071    .data               stm32f1xx_hal.o
    0x20000020   0x00000004   Data   RW         3355    .data               system_stm32f1xx.o
    0x20000024   0x00000024   Data   RW         3548    .data               control.o
    0x20000048   0x00000010   Data   RW         3550    .data               control.o
    0x20000058   0x00000010   Data   RW         3551    .data               control.o
    0x20000068   0x00000010   Data   RW         3552    .data               control.o
    0x20000078   0x00000010   Data   RW         3553    .data               control.o
    0x20000088   0x00000028   Data   RW         3657    .data               wit_c_sdk.o
    0x200000b0   0x00000004   Data   RW         3885    .data               delay.o
    0x200000b4   0x00000003   Data   RW         3932    .data               sys.o
    0x200000b7   0x00000001   PAD
    0x200000b8   0x00000004   Data   RW         4271    .data               mc_w.l(stdout.o)
    0x200000bc   0x00000054   Zero   RW          263    .bss                i2c.o
    0x20000110   0x000000d8   Zero   RW          310    .bss                tim.o
    0x200001e8   0x00000154   Zero   RW          379    .bss                usart.o
    0x2000033c   0x00000064   Zero   RW          444    .bss                stm32f1xx_it.o
    0x200003a0   0x00000024   Zero   RW         3547    .bss                control.o
    0x200003c4   0x00000220   Zero   RW         3655    .bss                wit_c_sdk.o
    0x200005e4   0x00000004   PAD
    0x200005e8   0x00000400   Zero   RW            1    STACK               startup_stm32f103xe.o


==============================================================================

Image component sizes


      Code (inc. data)   RO Data    RW Data    ZI Data      Debug   Object Name

      1508        156          0        100         36       6337   control.o
        98          8          0          4          0       4514   delay.o
        60          4          0          0          0        734   dma.o
        40          8          0          0          0        584   encoder.o
       300         24          0          0          0       1055   gpio.o
       160         28          0          0         84       1569   i2c.o
       860         74          0          0          0       6821   ioi2c.o
       338         50          0         16          0     497140   main.o
       592         20       2072          0          0       5434   oled.o
        36          8        304          0       1024        788   startup_stm32f103xe.o
       164         28          0         12          0       6389   stm32f1xx_hal.o
       222         14          0          0          0      29433   stm32f1xx_hal_cortex.o
      1236         52          0          0          0       5014   stm32f1xx_hal_dma.o
       550         48          0          0          0       4551   stm32f1xx_hal_gpio.o
      1316         32          0          0          0       9059   stm32f1xx_hal_i2c.o
        68         10          0          0          0        842   stm32f1xx_hal_msp.o
      1272        100          0          0          0       5100   stm32f1xx_hal_rcc.o
      1740         76          0          0          0      13975   stm32f1xx_hal_tim.o
       208         20          0          0          0       2068   stm32f1xx_hal_tim_ex.o
      1790         24          0          0          0      14369   stm32f1xx_hal_uart.o
       504        110          0          2        100       8008   stm32f1xx_it.o
        80          4          0          3          0       1713   sys.o
         2          0         24          4          0       1071   system_stm32f1xx.o
       716         76          0          0        216       4280   tim.o
       588         60          0          0        340       3158   usart.o
       812         46        512         40        544       8056   wit_c_sdk.o

    ----------------------------------------------------------------------
     15300       1080       2944        184       2348     642062   Object Totals
         0          0         32          0          0          0   (incl. Generated)
        40          0          0          3          4          0   (incl. Padding)

    ----------------------------------------------------------------------

      Code (inc. data)   RO Data    RW Data    ZI Data      Debug   Library Member Name

         0          0          0          0          0          0   entry.o
         0          0          0          0          0          0   entry10a.o
         0          0          0          0          0          0   entry11a.o
         8          4          0          0          0          0   entry2.o
         4          0          0          0          0          0   entry5.o
         0          0          0          0          0          0   entry7b.o
         0          0          0          0          0          0   entry8b.o
         8          4          0          0          0          0   entry9a.o
        30          0          0          0          0          0   handlers.o
        36          8          0          0          0         68   init.o
         0          0          0          0          0          0   iusefp.o
        30          0          0          0          0         68   llshl.o
        36          0          0          0          0         68   llsshr.o
        32          0          0          0          0         68   llushr.o
        36          0          0          0          0        108   memseta.o
      2258         90          0          0          0        452   printfa.o
         0          0          0          4          0          0   stdout.o
        44          0          0          0          0         80   uidiv.o
        98          0          0          0          0         92   uldiv.o
        48          0          0          0          0         68   cdrcmple.o
       334          0          0          0          0        148   dadd.o
       222          0          0          0          0        100   ddiv.o
       186          0          0          0          0        176   depilogue.o
        48          0          0          0          0         68   dfixul.o
       228          0          0          0          0         96   dmul.o
        38          0          0          0          0         68   f2d.o
       176          0          0          0          0        140   fadd.o
       110          0          0          0          0        168   fepilogue.o
        40          0          0          0          0         68   ffixui.o
        18          0          0          0          0         68   fflti.o
       100          0          0          0          0         76   fmul.o
        24          0          0          0          0         68   fscalb.o

    ----------------------------------------------------------------------
      4196        106          0          4          0       2316   Library Totals
         4          0          0          0          0          0   (incl. Padding)

    ----------------------------------------------------------------------

      Code (inc. data)   RO Data    RW Data    ZI Data      Debug   Library Name

      2620        106          0          4          0       1004   mc_w.l
      1572          0          0          0          0       1312   mf_w.l

    ----------------------------------------------------------------------
      4196        106          0          4          0       2316   Library Totals

    ----------------------------------------------------------------------

==============================================================================


      Code (inc. data)   RO Data    RW Data    ZI Data      Debug   

     19496       1186       2944        188       2348     635534   Grand Totals
     19496       1186       2944        188       2348     635534   ELF Image Totals
     19496       1186       2944        188          0          0   ROM Totals

==============================================================================

    Total RO  Size (Code + RO Data)                22440 (  21.91kB)
    Total RW  Size (RW Data + ZI Data)              2536 (   2.48kB)
    Total ROM Size (Code + RO Data + RW Data)      22628 (  22.10kB)

==============================================================================

